[Licensing::Module] Trying to connect to existing licensing client channel...
Built from '6000.3/staging' branch; Version is '6000.3.10f1 (e35f0c77bd8e) revision 14901004'; Using compiler version '194234433'; Build Type 'Release'
[Licensing::IpcConnector] Successfully connected to: "LicenseClient-Daniel" at "2026-03-09T13:30:13.3194169Z"
OS: 'Windows 11  (10.0.26200) Professional' Language: 'en' Physical Memory: 32677 MB
BatchMode: 1, IsHumanControllingUs: 0, StartBugReporterOnCrash: 0, Is64bit: 1
System  architecture: x64
Process architecture: x64
Date: 2026-03-09T13:30:13Z

COMMAND LINE ARGUMENTS:
C:\Program Files\Unity\Hub\Editor\6000.3.10f1\Editor\Unity.exe
-adb2
-batchMode
-noUpm
-name
AssetImportWorker2
-projectPath
C:/My Applications/Maptifier/My project
-logFile
Logs/AssetImportWorker2.log
-srvPort
52594
-licensingIpc
LicenseClient-Daniel
-job-worker-count
7
-background-job-worker-count
8
-gc-helper-count
1
-name
AssetImport
Successfully changed project path to: C:/My Applications/Maptifier/My project
C:/My Applications/Maptifier/My project
[UnityMemory] Configuration Parameters - Can be set up in boot.config
    "memorysetup-temp-allocator-size-nav-mesh-worker=65536"
    "memorysetup-temp-allocator-size-audio-worker=65536"
    "memorysetup-temp-allocator-size-gfx=262144"
    "memorysetup-allocator-temp-initial-block-size-main=262144"
    "memorysetup-allocator-temp-initial-block-size-worker=262144"
    "memorysetup-temp-allocator-size-background-worker=32768"
    "memorysetup-temp-allocator-size-job-worker=262144"
    "memorysetup-temp-allocator-size-preload-manager=33554432"
    "memorysetup-temp-allocator-size-gi-baking-worker=262144"
    "memorysetup-temp-allocator-size-gi-baking-worker=262144"
    "memorysetup-temp-allocator-size-gi-baking-worker=262144"
    "memorysetup-temp-allocator-size-gi-baking-worker=262144"
    "memorysetup-temp-allocator-size-gi-baking-worker=262144"
    "memorysetup-bucket-allocator-granularity=16"
    "memorysetup-bucket-allocator-bucket-count=8"
    "memorysetup-bucket-allocator-block-size=33554432"
    "memorysetup-bucket-allocator-block-count=8"
    "memorysetup-main-allocator-block-size=16777216"
    "memorysetup-thread-allocator-block-size=16777216"
    "memorysetup-gfx-main-allocator-block-size=16777216"
    "memorysetup-gfx-thread-allocator-block-size=16777216"
    "memorysetup-cache-allocator-block-size=4194304"
    "memorysetup-typetree-allocator-block-size=2097152"
    "memorysetup-profiler-bucket-allocator-granularity=16"
    "memorysetup-profiler-bucket-allocator-bucket-count=8"
    "memorysetup-profiler-bucket-allocator-block-size=33554432"
    "memorysetup-profiler-bucket-allocator-block-count=8"
    "memorysetup-profiler-allocator-block-size=16777216"
    "memorysetup-profiler-editor-allocator-block-size=1048576"
    "memorysetup-temp-allocator-size-main=16777216"
    "memorysetup-job-temp-allocator-block-size=2097152"
    "memorysetup-job-temp-allocator-block-size-background=1048576"
    "memorysetup-job-temp-allocator-reduction-small-platforms=262144"
    "memorysetup-temp-allocator-size-cloud-worker=32768"
Player connection [14656]  Target information:

Player connection [14656]  * "[IP] 192.168.0.60 [Port] 0 [Flags] 2 [Guid] 2784770315 [EditorId] 2784770315 [Version] 1048832 [Id] WindowsEditor(7,DESKTOP-5OTLPSV) [Debug] 1 [PackageName] WindowsEditor [ProjectName] Editor" 

Player connection [14656] Host joined multi-casting on [225.0.0.222:54997]...
Player connection [14656] Host joined alternative multi-casting on [225.0.0.222:34997]...
JobSystem: Creating JobQueue using job-worker-count value 7
Input System module state changed to: Initialized.
[Physics::Module] Initialized fallback backend.
[Physics::Module] Id: 0xdecafbad
Library Redirect Path: Library/
[Physics::Module] Selected backend.
[Physics::Module] Name: PhysX
[Physics::Module] Id: 0xf2b8ea05
[Physics::Module] SDK Version: 4.1.2
[Physics::Module] Integration Version: 1.0.0
[Physics::Module] Threading Mode: Multi-Threaded
[Licensing::Module] Licensing is not yet initialized.
[Licensing::Client] Handshaking with LicensingClient:
  Version:                 1.17.4+4293ba1
  Session Id:              4ac9013a1e9b43618602dc873159151b
  Correlation Id:          2ec54ec142c558335cfc69a194113759
  External correlation Id: 7918703465078775785
  Machine Id:              k3atKKquQn6wD9sKMMgoLl8CgUU=
[Licensing::Module] Successfully connected to LicensingClient on channel: "LicenseClient-Daniel" (connect: 0.00s, validation: 0.00s, handshake: 2.14s)
[Licensing::IpcConnector] Successfully connected to: "LicenseClient-Daniel-notifications" at "2026-03-09T13:30:15.4607071Z"
[Licensing::Module] Licensing Background thread has ended after 2.14s
[Licensing::Module] Licensing is initialized (took 1.89s).
[Licensing::Client] Successfully resolved entitlement details
[Licensing::Module] License group:
  Id: 1375899427071-UnityPersXXXX
  Product: Unity Personal
  Type: Assigned
  Expiration: Unlimited
Refreshing native plugins compatible for Editor in 60.02 ms, found 3 plugins.
Preloading 0 native plugins for Editor in 0.00 ms.
Initialize engine version: 6000.3.10f1 (e35f0c77bd8e)
[Subsystems] Discovering subsystems at path C:/Program Files/Unity/Hub/Editor/6000.3.10f1/Editor/Data/Resources/UnitySubsystems
[Subsystems] Discovering subsystems at path C:/My Applications/Maptifier/My project/Assets
GfxDevice: creating device client; kGfxThreadingModeNonThreaded
Direct3D:
    Version:  Direct3D 11.0 [level 11.1]
    Renderer: NVIDIA GeForce RTX 3080 (ID=0x2216)
    Vendor:   NVIDIA
    VRAM:     10053 MB
    Driver:   32.0.15.9174
Initialize mono
Mono path[0] = 'C:/Program Files/Unity/Hub/Editor/6000.3.10f1/Editor/Data/Managed'
Mono path[1] = 'C:/Program Files/Unity/Hub/Editor/6000.3.10f1/Editor/Data/MonoBleedingEdge/lib/mono/unityjit-win32'
Mono config path = 'C:/Program Files/Unity/Hub/Editor/6000.3.10f1/Editor/Data/MonoBleedingEdge/etc'
Using monoOptions --debugger-agent=transport=dt_socket,embedding=1,server=y,suspend=n,address=127.0.0.1:56836
Begin MonoManager ReloadAssembly
Registering precompiled unity dll's ...
Register platform support module: C:/Program Files/Unity/Hub/Editor/6000.3.10f1/Editor/Data/PlaybackEngines/WebGLSupport/UnityEditor.WebGL.Extensions.dll
Register platform support module: C:/Program Files/Unity/Hub/Editor/6000.3.10f1/Editor/Data/PlaybackEngines/WindowsStandaloneSupport/UnityEditor.WindowsStandalone.Extensions.dll
Register platform support module: C:/Program Files/Unity/Hub/Editor/6000.3.10f1/Editor/Data/PlaybackEngines/AndroidPlayer/UnityEditor.Android.Extensions.dll
Registered in 0.002609 seconds.
- Loaded All Assemblies, in  0.937 seconds
Native extension for Android target not found
Native extension for WindowsStandalone target not found
Native extension for WebGL target not found
ScheduleIndexationOnStartup MainProcess:False IndexOnStartup:True
Mono: successfully reloaded assembly
- Finished resetting the current domain, in  0.447 seconds
Domain Reload Profiling: 1382ms
	BeginReloadAssembly (132ms)
		ExecutionOrderSort (0ms)
		DisableScriptedObjects (0ms)
		BackupInstance (0ms)
		ReleaseScriptingObjects (0ms)
		CreateAndSetChildDomain (1ms)
	RebuildCommonClasses (36ms)
	RebuildNativeTypeToScriptingClass (11ms)
	initialDomainReloadingComplete (47ms)
	LoadAllAssembliesAndSetupDomain (708ms)
		LoadAssemblies (130ms)
		RebuildTransferFunctionScriptingTraits (0ms)
		AnalyzeDomain (703ms)
			TypeCache.Refresh (701ms)
				TypeCache.ScanAssembly (458ms)
			BuildScriptInfoCaches (0ms)
			ResolveRequiredComponents (1ms)
	FinalizeReload (448ms)
		ReleaseScriptCaches (0ms)
		RebuildScriptCaches (0ms)
		SetupLoadedEditorAssemblies (396ms)
			LogAssemblyErrors (0ms)
			InitializePlatformSupportModulesInManaged (72ms)
			SetLoadedEditorAssemblies (4ms)
			BeforeProcessingInitializeOnLoad (83ms)
			ProcessInitializeOnLoadAttributes (161ms)
			ProcessInitializeOnLoadMethodAttributes (75ms)
			AfterProcessingInitializeOnLoad (0ms)
			EditorAssembliesLoaded (0ms)
		ExecutionOrderSort2 (0ms)
		AwakeInstancesAfterBackupRestoration (0ms)
========================================================================
Worker process is ready to serve import requests
Import Worker Mode flag is 0x00
Begin MonoManager ReloadAssembly
[Licensing::Client] Successfully resolved entitlement details
Symbol file LoadedFromMemory is not a mono symbol file
- Loaded All Assemblies, in  1.019 seconds
Refreshing native plugins compatible for Editor in 6.84 ms, found 3 plugins.
Native extension for Android target not found
Native extension for WindowsStandalone target not found
Native extension for WebGL target not found
Refreshing native plugins compatible for Editor in 9.95 ms, found 3 plugins.
Package Manager log level set to [2]
[Package Manager] Failed to launch server process. Reason: Unity was launched with the -noUpm command-line argument
[Package Manager] Unable to send message (not connected to server process).
[Package Manager] Cannot connect to Unity Package Manager local server
ScheduleIndexationOnStartup MainProcess:False IndexOnStartup:True
Mono: successfully reloaded assembly
- Finished resetting the current domain, in  0.816 seconds
Domain Reload Profiling: 1830ms
	BeginReloadAssembly (186ms)
		ExecutionOrderSort (0ms)
		DisableScriptedObjects (7ms)
		BackupInstance (0ms)
		ReleaseScriptingObjects (0ms)
		CreateAndSetChildDomain (38ms)
	RebuildCommonClasses (35ms)
	RebuildNativeTypeToScriptingClass (12ms)
	initialDomainReloadingComplete (48ms)
	LoadAllAssembliesAndSetupDomain (732ms)
		LoadAssemblies (551ms)
		RebuildTransferFunctionScriptingTraits (0ms)
		AnalyzeDomain (279ms)
			TypeCache.Refresh (197ms)
				TypeCache.ScanAssembly (176ms)
			BuildScriptInfoCaches (68ms)
			ResolveRequiredComponents (9ms)
	FinalizeReload (817ms)
		ReleaseScriptCaches (0ms)
		RebuildScriptCaches (0ms)
		SetupLoadedEditorAssemblies (605ms)
			LogAssemblyErrors (0ms)
			InitializePlatformSupportModulesInManaged (12ms)
			SetLoadedEditorAssemblies (4ms)
			BeforeProcessingInitializeOnLoad (170ms)
			ProcessInitializeOnLoadAttributes (337ms)
			ProcessInitializeOnLoadMethodAttributes (76ms)
			AfterProcessingInitializeOnLoad (5ms)
			EditorAssembliesLoaded (0ms)
		ExecutionOrderSort2 (0ms)
		AwakeInstancesAfterBackupRestoration (6ms)
Launched and connected shader compiler UnityShaderCompiler.exe after 0.01 seconds
Refreshing native plugins compatible for Editor in 8.30 ms, found 3 plugins.
Preloading 0 native plugins for Editor in 0.00 ms.
Unloading 16 Unused Serialized files (Serialized files now loaded: 0)
Unloading 7295 unused Assets / (4.4 MB). Loaded Objects now: 8065.
Memory consumption went from 148.4 MB to 143.9 MB.
Total: 10.213600 ms (FindLiveObjects: 0.862300 ms CreateObjectMapping: 0.485400 ms MarkObjects: 6.577800 ms  DeleteObjects: 2.287100 ms)

========================================================================
Received Import Request.
  Time since last request: 356424.396139 seconds.
  path: Assets/_project/Scripts/Display/WirelessDisplayService.cs
  artifactKey: Guid(d3003ac453669ed42a098d60b69c6052) Importer(2089858483,b0f066a214c2f5e87bad3c948f4d605d)
Start importing Assets/_project/Scripts/Display/WirelessDisplayService.cs using Guid(d3003ac453669ed42a098d60b69c6052) Importer(2089858483,b0f066a214c2f5e87bad3c948f4d605d) (ScriptedImporter) -> (artifact id: '3fe8b5bc2920f3747a1f6c685bc17002') in 0.0766673 seconds
Number of updated asset objects reloaded before import = 0Number of asset objects unloaded after import = 0

========================================================================
Received Import Request.
  Time since last request: 0.000019 seconds.
  path: Assets/_project/Scripts/Effects/PixelateEffect.cs
  artifactKey: Guid(5e3ae556dc41ecb40bc78e5cf23705da) Importer(2089858483,b0f066a214c2f5e87bad3c948f4d605d)
Start importing Assets/_project/Scripts/Effects/PixelateEffect.cs using Guid(5e3ae556dc41ecb40bc78e5cf23705da) Importer(2089858483,b0f066a214c2f5e87bad3c948f4d605d) (ScriptedImporter) -> (artifact id: 'd8202a452fcc9dc763487bf2c4ffadc7') in 0.0158682 seconds
Number of updated asset objects reloaded before import = 0Number of asset objects unloaded after import = 0

========================================================================
Received Import Request.
  Time since last request: 0.000018 seconds.
  path: Assets/_project/Scripts/Effects/ColorCycleEffect.cs
  artifactKey: Guid(9a24b443140cde9458faf6cd79a89b39) Importer(2089858483,b0f066a214c2f5e87bad3c948f4d605d)
Start importing Assets/_project/Scripts/Effects/ColorCycleEffect.cs using Guid(9a24b443140cde9458faf6cd79a89b39) Importer(2089858483,b0f066a214c2f5e87bad3c948f4d605d) (ScriptedImporter) -> (artifact id: '9787bffcb3a0e4e5842ab76ae05f907d') in 0.011826 seconds
Number of updated asset objects reloaded before import = 0Number of asset objects unloaded after import = 0

========================================================================
Received Prepare
Refreshing native plugins compatible for Editor in 16.08 ms, found 3 plugins.
Preloading 0 native plugins for Editor in 0.00 ms.
Unloading 16 Unused Serialized files (Serialized files now loaded: 0)
Unloading 7241 unused Assets / (4.5 MB). Loaded Objects now: 8067.
Memory consumption went from 146.5 MB to 142.0 MB.
Total: 20.633000 ms (FindLiveObjects: 1.464600 ms CreateObjectMapping: 1.912200 ms MarkObjects: 11.255100 ms  DeleteObjects: 5.999200 ms)

Prepare: number of updated asset objects reloaded= 0
========================================================================
Received Import Request.
  Time since last request: 436.785646 seconds.
  path: Assets/_project/Scripts/Input/IInputService.cs
  artifactKey: Guid(1fa18838a3058b542958ad1e26f739de) Importer(2089858483,b0f066a214c2f5e87bad3c948f4d605d)
Start importing Assets/_project/Scripts/Input/IInputService.cs using Guid(1fa18838a3058b542958ad1e26f739de) Importer(2089858483,b0f066a214c2f5e87bad3c948f4d605d) (ScriptedImporter) -> (artifact id: '19bede57c8c5ba391535af562342840c') in 0.0112633 seconds
Number of updated asset objects reloaded before import = 0Number of asset objects unloaded after import = 0

========================================================================
Received Import Request.
  Time since last request: 0.000016 seconds.
  path: Assets/_project/Scripts/Display/AndroidDisplayService.cs
  artifactKey: Guid(9649675316f54384db5a24f3bd02dd72) Importer(2089858483,b0f066a214c2f5e87bad3c948f4d605d)
Start importing Assets/_project/Scripts/Display/AndroidDisplayService.cs using Guid(9649675316f54384db5a24f3bd02dd72) Importer(2089858483,b0f066a214c2f5e87bad3c948f4d605d) (ScriptedImporter) -> (artifact id: '8c96f0fe5be17b5cc58abe46ecbf078c') in 0.0098285 seconds
Number of updated asset objects reloaded before import = 0Number of asset objects unloaded after import = 0

========================================================================
Received Prepare
Refreshing native plugins compatible for Editor in 15.26 ms, found 3 plugins.
Preloading 0 native plugins for Editor in 0.00 ms.
Unloading 16 Unused Serialized files (Serialized files now loaded: 0)
Unloading 7241 unused Assets / (3.3 MB). Loaded Objects now: 8067.
Memory consumption went from 146.5 MB to 143.2 MB.
Total: 18.223100 ms (FindLiveObjects: 1.206700 ms CreateObjectMapping: 1.243700 ms MarkObjects: 11.811100 ms  DeleteObjects: 3.960200 ms)

Prepare: number of updated asset objects reloaded= 0
========================================================================
Received Import Request.
  Time since last request: 863.109473 seconds.
  path: Assets/_project/Scripts/Input/InputService.cs
  artifactKey: Guid(fe97c0a1c9320564ca6f42c871cbf6ad) Importer(2089858483,b0f066a214c2f5e87bad3c948f4d605d)
Start importing Assets/_project/Scripts/Input/InputService.cs using Guid(fe97c0a1c9320564ca6f42c871cbf6ad) Importer(2089858483,b0f066a214c2f5e87bad3c948f4d605d) (ScriptedImporter) -> (artifact id: '460404c21a169cafbd63dc1501333532') in 0.0142981 seconds
Number of updated asset objects reloaded before import = 0Number of asset objects unloaded after import = 0

========================================================================
Received Import Request.
  Time since last request: 0.000018 seconds.
  path: Assets/_project/Scripts/Display/AndroidDisplayService.cs
  artifactKey: Guid(9649675316f54384db5a24f3bd02dd72) Importer(2089858483,b0f066a214c2f5e87bad3c948f4d605d)
Start importing Assets/_project/Scripts/Display/AndroidDisplayService.cs using Guid(9649675316f54384db5a24f3bd02dd72) Importer(2089858483,b0f066a214c2f5e87bad3c948f4d605d) (ScriptedImporter) -> (artifact id: '83712ed424a10fb77f2b3fe2a3da6e1d') in 0.0153423 seconds
Number of updated asset objects reloaded before import = 0Number of asset objects unloaded after import = 0

========================================================================
Received Prepare
Refreshing native plugins compatible for Editor in 8.13 ms, found 3 plugins.
Preloading 0 native plugins for Editor in 0.00 ms.
Unloading 16 Unused Serialized files (Serialized files now loaded: 0)
Unloading 7242 unused Assets / (4.3 MB). Loaded Objects now: 8068.
Memory consumption went from 146.5 MB to 142.2 MB.
Total: 19.246900 ms (FindLiveObjects: 0.944300 ms CreateObjectMapping: 1.085700 ms MarkObjects: 14.092500 ms  DeleteObjects: 3.123400 ms)

Prepare: number of updated asset objects reloaded= 0
========================================================================
Received Import Request.
  Time since last request: 35067.127009 seconds.
  path: Assets/Editor/DisableBurstOnLoad.cs
  artifactKey: Guid(7f500a9c8d878f24f845674bd6c31265) Importer(2089858483,b0f066a214c2f5e87bad3c948f4d605d)
Start importing Assets/Editor/DisableBurstOnLoad.cs using Guid(7f500a9c8d878f24f845674bd6c31265) Importer(2089858483,b0f066a214c2f5e87bad3c948f4d605d) (ScriptedImporter) -> (artifact id: '43a415f77dc41b7f4e5a16bc2c72f419') in 0.0125434 seconds
Number of updated asset objects reloaded before import = 0Number of asset objects unloaded after import = 0

