[Licensing::Module] Trying to connect to existing licensing client channel...
Built from '6000.3/staging' branch; Version is '6000.3.10f1 (e35f0c77bd8e) revision 14901004'; Using compiler version '194234433'; Build Type 'Release'
OS: 'Windows 11  (10.0.26200) Professional' Language: 'en' Physical Memory: 32677 MB
BatchMode: 1, IsHumanControllingUs: 0, StartBugReporterOnCrash: 0, Is64bit: 1
[Licensing::IpcConnector] Successfully connected to: "LicenseClient-Daniel" at "2026-03-08T04:10:53.8773558Z"
System  architecture: x64
Process architecture: x64
Date: 2026-03-08T04:10:53Z

COMMAND LINE ARGUMENTS:
C:\Program Files\Unity\Hub\Editor\6000.3.10f1\Editor\Unity.exe
-adb2
-batchMode
-noUpm
-name
AssetImportWorker3
-projectPath
C:/My Applications/Maptifier/My project
-logFile
Logs/AssetImportWorker3.log
-srvPort
59769
-licensingIpc
LicenseClient-Daniel
-job-worker-count
7
-background-job-worker-count
8
-gc-helper-count
1
-name
AssetImport
Successfully changed project path to: C:/My Applications/Maptifier/My project
C:/My Applications/Maptifier/My project
[UnityMemory] Configuration Parameters - Can be set up in boot.config
    "memorysetup-temp-allocator-size-nav-mesh-worker=65536"
    "memorysetup-temp-allocator-size-audio-worker=65536"
    "memorysetup-temp-allocator-size-gfx=262144"
    "memorysetup-allocator-temp-initial-block-size-main=262144"
    "memorysetup-allocator-temp-initial-block-size-worker=262144"
    "memorysetup-temp-allocator-size-background-worker=32768"
    "memorysetup-temp-allocator-size-job-worker=262144"
    "memorysetup-temp-allocator-size-preload-manager=33554432"
    "memorysetup-temp-allocator-size-gi-baking-worker=262144"
    "memorysetup-temp-allocator-size-gi-baking-worker=262144"
    "memorysetup-temp-allocator-size-gi-baking-worker=262144"
    "memorysetup-temp-allocator-size-gi-baking-worker=262144"
    "memorysetup-temp-allocator-size-gi-baking-worker=262144"
    "memorysetup-bucket-allocator-granularity=16"
    "memorysetup-bucket-allocator-bucket-count=8"
    "memorysetup-bucket-allocator-block-size=33554432"
    "memorysetup-bucket-allocator-block-count=8"
    "memorysetup-main-allocator-block-size=16777216"
    "memorysetup-thread-allocator-block-size=16777216"
    "memorysetup-gfx-main-allocator-block-size=16777216"
    "memorysetup-gfx-thread-allocator-block-size=16777216"
    "memorysetup-cache-allocator-block-size=4194304"
    "memorysetup-typetree-allocator-block-size=2097152"
    "memorysetup-profiler-bucket-allocator-granularity=16"
    "memorysetup-profiler-bucket-allocator-bucket-count=8"
    "memorysetup-profiler-bucket-allocator-block-size=33554432"
    "memorysetup-profiler-bucket-allocator-block-count=8"
    "memorysetup-profiler-allocator-block-size=16777216"
    "memorysetup-profiler-editor-allocator-block-size=1048576"
    "memorysetup-temp-allocator-size-main=16777216"
    "memorysetup-job-temp-allocator-block-size=2097152"
    "memorysetup-job-temp-allocator-block-size-background=1048576"
    "memorysetup-job-temp-allocator-reduction-small-platforms=262144"
    "memorysetup-temp-allocator-size-cloud-worker=32768"
Player connection [3824]  Target information:

Player connection [3824]  * "[IP] 192.168.0.60 [Port] 0 [Flags] 2 [Guid] 1716588490 [EditorId] 1716588490 [Version] 1048832 [Id] WindowsEditor(7,DESKTOP-5OTLPSV) [Debug] 1 [PackageName] WindowsEditor [ProjectName] Editor" 

Player connection [3824] Host joined multi-casting on [225.0.0.222:54997]...
Player connection [3824] Host joined alternative multi-casting on [225.0.0.222:34997]...
JobSystem: Creating JobQueue using job-worker-count value 7
Input System module state changed to: Initialized.
[Physics::Module] Initialized fallback backend.
[Physics::Module] Id: 0xdecafbad
Library Redirect Path: Library/
[Physics::Module] Selected backend.
[Physics::Module] Name: PhysX
[Physics::Module] Id: 0xf2b8ea05
[Physics::Module] SDK Version: 4.1.2
[Physics::Module] Integration Version: 1.0.0
[Physics::Module] Threading Mode: Multi-Threaded
Refreshing native plugins compatible for Editor in 2.89 ms, found 3 plugins.
Preloading 0 native plugins for Editor in 0.00 ms.
Initialize engine version: 6000.3.10f1 (e35f0c77bd8e)
[Subsystems] Discovering subsystems at path C:/Program Files/Unity/Hub/Editor/6000.3.10f1/Editor/Data/Resources/UnitySubsystems
[Subsystems] Discovering subsystems at path C:/My Applications/Maptifier/My project/Assets
GfxDevice: creating device client; kGfxThreadingModeNonThreaded
Direct3D:
    Version:  Direct3D 11.0 [level 11.1]
    Renderer: NVIDIA GeForce RTX 3080 (ID=0x2216)
    Vendor:   NVIDIA
    VRAM:     10053 MB
    Driver:   32.0.15.9174
Initialize mono
Mono path[0] = 'C:/Program Files/Unity/Hub/Editor/6000.3.10f1/Editor/Data/Managed'
Mono path[1] = 'C:/Program Files/Unity/Hub/Editor/6000.3.10f1/Editor/Data/MonoBleedingEdge/lib/mono/unityjit-win32'
Mono config path = 'C:/Program Files/Unity/Hub/Editor/6000.3.10f1/Editor/Data/MonoBleedingEdge/etc'
Using monoOptions --debugger-agent=transport=dt_socket,embedding=1,server=y,suspend=n,address=127.0.0.1:56528
Begin MonoManager ReloadAssembly
Registering precompiled unity dll's ...
Register platform support module: C:/Program Files/Unity/Hub/Editor/6000.3.10f1/Editor/Data/PlaybackEngines/WebGLSupport/UnityEditor.WebGL.Extensions.dll
Register platform support module: C:/Program Files/Unity/Hub/Editor/6000.3.10f1/Editor/Data/PlaybackEngines/WindowsStandaloneSupport/UnityEditor.WindowsStandalone.Extensions.dll
[Licensing::Module] Licensing is not yet initialized.
[Licensing::Client] Handshaking with LicensingClient:
  Version:                 1.17.4+4293ba1
  Session Id:              9f479b6c46e24600827c0728800e2a9b
  Correlation Id:          2ec54ec142c558335cfc69a194113759
  External correlation Id: 4181323044737334157
  Machine Id:              k3atKKquQn6wD9sKMMgoLl8CgUU=
[Licensing::Module] Successfully connected to LicensingClient on channel: "LicenseClient-Daniel" (connect: 0.00s, validation: 0.00s, handshake: 2.22s)
[Licensing::IpcConnector] Successfully connected to: "LicenseClient-Daniel-notifications" at "2026-03-08T04:10:56.1013334Z"
[Licensing::Module] Licensing Background thread has ended after 2.22s
[Licensing::Module] Licensing is initialized (took 1.25s).
[Licensing::Client] Successfully resolved entitlement details
[Licensing::Module] License group:
  Id: 1375899427071-UnityPersXXXX
  Product: Unity Personal
  Type: Assigned
  Expiration: Unlimited
Register platform support module: C:/Program Files/Unity/Hub/Editor/6000.3.10f1/Editor/Data/PlaybackEngines/AndroidPlayer/UnityEditor.Android.Extensions.dll
Registered in 1.260163 seconds.
- Loaded All Assemblies, in  1.764 seconds
Native extension for Android target not found
Native extension for WindowsStandalone target not found
Native extension for WebGL target not found
ScheduleIndexationOnStartup MainProcess:False IndexOnStartup:True
Mono: successfully reloaded assembly
- Finished resetting the current domain, in  0.483 seconds
Domain Reload Profiling: 2245ms
	BeginReloadAssembly (185ms)
		ExecutionOrderSort (0ms)
		DisableScriptedObjects (0ms)
		BackupInstance (0ms)
		ReleaseScriptingObjects (0ms)
		CreateAndSetChildDomain (1ms)
	RebuildCommonClasses (51ms)
	RebuildNativeTypeToScriptingClass (12ms)
	initialDomainReloadingComplete (1314ms)
	LoadAllAssembliesAndSetupDomain (199ms)
		LoadAssemblies (181ms)
		RebuildTransferFunctionScriptingTraits (0ms)
		AnalyzeDomain (194ms)
			TypeCache.Refresh (192ms)
				TypeCache.ScanAssembly (177ms)
			BuildScriptInfoCaches (0ms)
			ResolveRequiredComponents (1ms)
	FinalizeReload (484ms)
		ReleaseScriptCaches (0ms)
		RebuildScriptCaches (0ms)
		SetupLoadedEditorAssemblies (434ms)
			LogAssemblyErrors (0ms)
			InitializePlatformSupportModulesInManaged (81ms)
			SetLoadedEditorAssemblies (5ms)
			BeforeProcessingInitializeOnLoad (107ms)
			ProcessInitializeOnLoadAttributes (169ms)
			ProcessInitializeOnLoadMethodAttributes (72ms)
			AfterProcessingInitializeOnLoad (0ms)
			EditorAssembliesLoaded (0ms)
		ExecutionOrderSort2 (0ms)
		AwakeInstancesAfterBackupRestoration (0ms)
========================================================================
Worker process is ready to serve import requests
Import Worker Mode flag is 0x00
Begin MonoManager ReloadAssembly
[Licensing::Client] Successfully resolved entitlement details
- Loaded All Assemblies, in  0.896 seconds
Refreshing native plugins compatible for Editor in 0.82 ms, found 3 plugins.
Native extension for Android target not found
Native extension for WindowsStandalone target not found
Native extension for WebGL target not found
Package Manager log level set to [2]
[Package Manager] Failed to launch server process. Reason: Unity was launched with the -noUpm command-line argument
[Package Manager] Unable to send message (not connected to server process).
[Package Manager] Cannot connect to Unity Package Manager local server
ScheduleIndexationOnStartup MainProcess:False IndexOnStartup:True
Mono: successfully reloaded assembly
- Finished resetting the current domain, in  0.864 seconds
Domain Reload Profiling: 1754ms
	BeginReloadAssembly (209ms)
		ExecutionOrderSort (0ms)
		DisableScriptedObjects (7ms)
		BackupInstance (0ms)
		ReleaseScriptingObjects (0ms)
		CreateAndSetChildDomain (50ms)
	RebuildCommonClasses (49ms)
	RebuildNativeTypeToScriptingClass (12ms)
	initialDomainReloadingComplete (40ms)
	LoadAllAssembliesAndSetupDomain (582ms)
		LoadAssemblies (407ms)
		RebuildTransferFunctionScriptingTraits (0ms)
		AnalyzeDomain (279ms)
			TypeCache.Refresh (187ms)
				TypeCache.ScanAssembly (171ms)
			BuildScriptInfoCaches (77ms)
			ResolveRequiredComponents (10ms)
	FinalizeReload (864ms)
		ReleaseScriptCaches (0ms)
		RebuildScriptCaches (0ms)
		SetupLoadedEditorAssemblies (642ms)
			LogAssemblyErrors (0ms)
			InitializePlatformSupportModulesInManaged (12ms)
			SetLoadedEditorAssemblies (4ms)
			BeforeProcessingInitializeOnLoad (182ms)
			ProcessInitializeOnLoadAttributes (371ms)
			ProcessInitializeOnLoadMethodAttributes (65ms)
			AfterProcessingInitializeOnLoad (7ms)
			EditorAssembliesLoaded (0ms)
		ExecutionOrderSort2 (0ms)
		AwakeInstancesAfterBackupRestoration (7ms)
Launched and connected shader compiler UnityShaderCompiler.exe after 0.02 seconds
Refreshing native plugins compatible for Editor in 1.00 ms, found 3 plugins.
Preloading 0 native plugins for Editor in 0.00 ms.
Unloading 16 Unused Serialized files (Serialized files now loaded: 0)
Unloading 6258 unused Assets / (4.8 MB). Loaded Objects now: 7074.
Memory consumption went from 147.1 MB to 142.3 MB.
Total: 14.412000 ms (FindLiveObjects: 1.294500 ms CreateObjectMapping: 1.113600 ms MarkObjects: 8.852100 ms  DeleteObjects: 3.150000 ms)

========================================================================
Received Import Request.
  Time since last request: 236462.683784 seconds.
  path: Assets/_project/Scripts/Bootstrap/Maptifier.Bootstrap.asmdef
  artifactKey: Guid(b40f4b3f89e9c0e4f8a59981c5bea1b4) Importer(2089858483,b0f066a214c2f5e87bad3c948f4d605d)
Start importing Assets/_project/Scripts/Bootstrap/Maptifier.Bootstrap.asmdef using Guid(b40f4b3f89e9c0e4f8a59981c5bea1b4) Importer(2089858483,b0f066a214c2f5e87bad3c948f4d605d) (ScriptedImporter) -> (artifact id: '9a608869f3441144ddb641236a1ffd98') in 0.0683017 seconds
Number of updated asset objects reloaded before import = 0Number of asset objects unloaded after import = 1

========================================================================
Received Import Request.
  Time since last request: 0.000018 seconds.
  path: Assets/_project/Scenes/SampleScene.unity
  artifactKey: Guid(99c9720ab356a0642a771bea13969a05) Importer(2089858483,b0f066a214c2f5e87bad3c948f4d605d)
Start importing Assets/_project/Scenes/SampleScene.unity using Guid(99c9720ab356a0642a771bea13969a05) Importer(2089858483,b0f066a214c2f5e87bad3c948f4d605d) (ScriptedImporter) -> (artifact id: '865786d6ee53104da474c84b9936d710') in 0.0118328 seconds
Number of updated asset objects reloaded before import = 0Number of asset objects unloaded after import = 1

========================================================================
Received Import Request.
  Time since last request: 0.000018 seconds.
  path: Assets/_project/Scripts/Core/PerformanceMonitor.cs
  artifactKey: Guid(3a053e2d4e986d94baf53ef60c575a76) Importer(2089858483,b0f066a214c2f5e87bad3c948f4d605d)
Start importing Assets/_project/Scripts/Core/PerformanceMonitor.cs using Guid(3a053e2d4e986d94baf53ef60c575a76) Importer(2089858483,b0f066a214c2f5e87bad3c948f4d605d) (ScriptedImporter) -> (artifact id: 'e24df6901e063e47b548fc1b99f7cc8c') in 0.0369439 seconds
Number of updated asset objects reloaded before import = 0Number of asset objects unloaded after import = 0

========================================================================
Received Import Request.
  Time since last request: 0.000020 seconds.
  path: Assets/_project/Scenes/Boot/ReflectionProbe-0.exr
  artifactKey: Guid(f023f1fcfa5b149499f6a4ae03f22db0) Importer(2089858483,b0f066a214c2f5e87bad3c948f4d605d)
Start importing Assets/_project/Scenes/Boot/ReflectionProbe-0.exr using Guid(f023f1fcfa5b149499f6a4ae03f22db0) Importer(2089858483,b0f066a214c2f5e87bad3c948f4d605d) (ScriptedImporter) -> (artifact id: '37b97487b3c549121e585476c5323fb1') in 0.0432918 seconds
Number of updated asset objects reloaded before import = 0Number of asset objects unloaded after import = 1

========================================================================
Received Import Request.
  Time since last request: 0.000038 seconds.
  path: Assets/_project/Shaders/Compositing/ExternalBlit.shader
  artifactKey: Guid(9373fb2d8ca4e88468dae58b406fb5c5) Importer(2089858483,b0f066a214c2f5e87bad3c948f4d605d)
Start importing Assets/_project/Shaders/Compositing/ExternalBlit.shader using Guid(9373fb2d8ca4e88468dae58b406fb5c5) Importer(2089858483,b0f066a214c2f5e87bad3c948f4d605d) (ScriptedImporter) -> (artifact id: '9c87665f8dd6ed27c521b60db041cab6') in 0.014392 seconds
Number of updated asset objects reloaded before import = 0Number of asset objects unloaded after import = 1

========================================================================
Received Import Request.
  Time since last request: 0.000016 seconds.
  path: Assets/_project/Scripts/Layers/Maptifier.Layers.asmdef
  artifactKey: Guid(683653d2775c5a94d9e4b7a1514aab72) Importer(2089858483,b0f066a214c2f5e87bad3c948f4d605d)
Start importing Assets/_project/Scripts/Layers/Maptifier.Layers.asmdef using Guid(683653d2775c5a94d9e4b7a1514aab72) Importer(2089858483,b0f066a214c2f5e87bad3c948f4d605d) (ScriptedImporter) -> (artifact id: '2a9b14b1494e77f66d8d9646afb65880') in 0.0109123 seconds
Number of updated asset objects reloaded before import = 0Number of asset objects unloaded after import = 1

========================================================================
Received Import Request.
  Time since last request: 0.000016 seconds.
  path: Assets/_project/Scripts/Effects/TunnelEffect.cs
  artifactKey: Guid(743b60fa29885c54fbdbf1647d13e77f) Importer(2089858483,b0f066a214c2f5e87bad3c948f4d605d)
Start importing Assets/_project/Scripts/Effects/TunnelEffect.cs using Guid(743b60fa29885c54fbdbf1647d13e77f) Importer(2089858483,b0f066a214c2f5e87bad3c948f4d605d) (ScriptedImporter) -> (artifact id: '280db91287d839903ddfb072e8b80712') in 0.0112612 seconds
Number of updated asset objects reloaded before import = 0Number of asset objects unloaded after import = 0

========================================================================
Received Import Request.
  Time since last request: 0.000016 seconds.
  path: Assets/_project/Scripts/Media/ImageSource.cs
  artifactKey: Guid(162051c360d210e49b58b70cac762753) Importer(2089858483,b0f066a214c2f5e87bad3c948f4d605d)
Start importing Assets/_project/Scripts/Media/ImageSource.cs using Guid(162051c360d210e49b58b70cac762753) Importer(2089858483,b0f066a214c2f5e87bad3c948f4d605d) (ScriptedImporter) -> (artifact id: '30ba849cdd8cb1b207f6cdd033ce68e5') in 0.0098257 seconds
Number of updated asset objects reloaded before import = 0Number of asset objects unloaded after import = 0

========================================================================
Received Import Request.
  Time since last request: 0.000022 seconds.
  path: Assets/_project/Scenes/Boot/Emissive.mat
  artifactKey: Guid(770300fd0a3b7654fbcc903a7aa8816c) Importer(2089858483,b0f066a214c2f5e87bad3c948f4d605d)
Start importing Assets/_project/Scenes/Boot/Emissive.mat using Guid(770300fd0a3b7654fbcc903a7aa8816c) Importer(2089858483,b0f066a214c2f5e87bad3c948f4d605d) (ScriptedImporter) -> (artifact id: 'e69cf318293caae97319beb932b712c1') in 0.0322717 seconds
Number of updated asset objects reloaded before import = 0Number of asset objects unloaded after import = 1

========================================================================
Received Import Request.
  Time since last request: 0.000024 seconds.
  path: Assets/_project/Scripts/Bootstrap/AdaptiveQualityService.cs
  artifactKey: Guid(e7ebfdd89ea0f014ba9a4e11f3046ab6) Importer(2089858483,b0f066a214c2f5e87bad3c948f4d605d)
Start importing Assets/_project/Scripts/Bootstrap/AdaptiveQualityService.cs using Guid(e7ebfdd89ea0f014ba9a4e11f3046ab6) Importer(2089858483,b0f066a214c2f5e87bad3c948f4d605d) (ScriptedImporter) -> (artifact id: '147c7cb1e7cce80b9f2d5ee1ea78361a') in 0.0107775 seconds
Number of updated asset objects reloaded before import = 0Number of asset objects unloaded after import = 0

========================================================================
Received Import Request.
  Time since last request: 0.000030 seconds.
  path: Assets/TutorialInfo/Scripts/Readme.cs
  artifactKey: Guid(fcf7219bab7fe46a1ad266029b2fee19) Importer(2089858483,b0f066a214c2f5e87bad3c948f4d605d)
Start importing Assets/TutorialInfo/Scripts/Readme.cs using Guid(fcf7219bab7fe46a1ad266029b2fee19) Importer(2089858483,b0f066a214c2f5e87bad3c948f4d605d) (ScriptedImporter) -> (artifact id: 'ab187cf0d88783a7211150f99e3490c2') in 0.0099378 seconds
Number of updated asset objects reloaded before import = 0Number of asset objects unloaded after import = 0

========================================================================
Received Import Request.
  Time since last request: 0.000018 seconds.
  path: Assets/_project/Scripts/Masking/Maptifier.Masking.asmdef
  artifactKey: Guid(847b6f6418ab6504c9d99b7ab626766f) Importer(2089858483,b0f066a214c2f5e87bad3c948f4d605d)
Start importing Assets/_project/Scripts/Masking/Maptifier.Masking.asmdef using Guid(847b6f6418ab6504c9d99b7ab626766f) Importer(2089858483,b0f066a214c2f5e87bad3c948f4d605d) (ScriptedImporter) -> (artifact id: '34427989f69d7724e3ddd071f83af184') in 0.0108918 seconds
Number of updated asset objects reloaded before import = 0Number of asset objects unloaded after import = 1

========================================================================
Received Import Request.
  Time since last request: 0.000015 seconds.
  path: Assets/_project/Scripts/UI/OnboardingController.cs
  artifactKey: Guid(fa8339bb3f56f914898c61cf7b74effd) Importer(2089858483,b0f066a214c2f5e87bad3c948f4d605d)
Start importing Assets/_project/Scripts/UI/OnboardingController.cs using Guid(fa8339bb3f56f914898c61cf7b74effd) Importer(2089858483,b0f066a214c2f5e87bad3c948f4d605d) (ScriptedImporter) -> (artifact id: '6fe0bf2cde2480d7a8347e7844fb05b5') in 0.0107656 seconds
Number of updated asset objects reloaded before import = 0Number of asset objects unloaded after import = 0

========================================================================
Received Import Request.
  Time since last request: 0.000016 seconds.
  path: Assets/_project/Shaders/Effects/DualKawaseBlur.shader
  artifactKey: Guid(e01f44b520b437347b3880e23180b7d6) Importer(2089858483,b0f066a214c2f5e87bad3c948f4d605d)
Start importing Assets/_project/Shaders/Effects/DualKawaseBlur.shader using Guid(e01f44b520b437347b3880e23180b7d6) Importer(2089858483,b0f066a214c2f5e87bad3c948f4d605d) (ScriptedImporter) -> (artifact id: 'd0df95e1e4d41fd09d7d3e6758376041') in 0.0120984 seconds
Number of updated asset objects reloaded before import = 0Number of asset objects unloaded after import = 1

========================================================================
Received Import Request.
  Time since last request: 0.000020 seconds.
  path: Assets/_project/Shaders/Masking/BrushAdd.shader
  artifactKey: Guid(36dbb8d95d9ec38439e6cc10547e042b) Importer(2089858483,b0f066a214c2f5e87bad3c948f4d605d)
Start importing Assets/_project/Shaders/Masking/BrushAdd.shader using Guid(36dbb8d95d9ec38439e6cc10547e042b) Importer(2089858483,b0f066a214c2f5e87bad3c948f4d605d) (ScriptedImporter) -> (artifact id: '803beed70c7d8e2e47b8093037f15b63') in 0.013125 seconds
Number of updated asset objects reloaded before import = 0Number of asset objects unloaded after import = 1

========================================================================
Received Import Request.
  Time since last request: 0.000019 seconds.
  path: Assets/_project/Shaders/Effects/Tunnel.shader
  artifactKey: Guid(47e29342ae9d2c448870871f43986858) Importer(2089858483,b0f066a214c2f5e87bad3c948f4d605d)
Start importing Assets/_project/Shaders/Effects/Tunnel.shader using Guid(47e29342ae9d2c448870871f43986858) Importer(2089858483,b0f066a214c2f5e87bad3c948f4d605d) (ScriptedImporter) -> (artifact id: '58b71e656e8560b837d1d161513f607e') in 0.0112682 seconds
Number of updated asset objects reloaded before import = 0Number of asset objects unloaded after import = 1

========================================================================
Received Import Request.
  Time since last request: 0.000023 seconds.
  path: Assets/_project/Scripts/Input/CanvasViewport.cs
  artifactKey: Guid(89a8c5fe5d517ae48b79d100568c8879) Importer(2089858483,b0f066a214c2f5e87bad3c948f4d605d)
Start importing Assets/_project/Scripts/Input/CanvasViewport.cs using Guid(89a8c5fe5d517ae48b79d100568c8879) Importer(2089858483,b0f066a214c2f5e87bad3c948f4d605d) (ScriptedImporter) -> (artifact id: '292fdde8d67b9514699617a9d969be52') in 0.0099906 seconds
Number of updated asset objects reloaded before import = 0Number of asset objects unloaded after import = 0

========================================================================
Received Import Request.
  Time since last request: 0.000018 seconds.
  path: Assets/Settings/DefaultVolumeProfile.asset
  artifactKey: Guid(ab09877e2e707104187f6f83e2f62510) Importer(2089858483,b0f066a214c2f5e87bad3c948f4d605d)
Start importing Assets/Settings/DefaultVolumeProfile.asset using Guid(ab09877e2e707104187f6f83e2f62510) Importer(2089858483,b0f066a214c2f5e87bad3c948f4d605d) (ScriptedImporter) -> (artifact id: '395fddb3b17e4847ec21fefc2e515e07') in 0.0146717 seconds
Number of updated asset objects reloaded before import = 0Number of asset objects unloaded after import = 0

========================================================================
Received Import Request.
  Time since last request: 0.000014 seconds.
  path: Assets/InputSystem_Actions.inputactions
  artifactKey: Guid(052faaac586de48259a63d0c4782560b) Importer(2089858483,b0f066a214c2f5e87bad3c948f4d605d)
Start importing Assets/InputSystem_Actions.inputactions using Guid(052faaac586de48259a63d0c4782560b) Importer(2089858483,b0f066a214c2f5e87bad3c948f4d605d) (ScriptedImporter) -> (artifact id: '67cf33fe18715d57727828e9a1eba020') in 0.1583145 seconds
Number of updated asset objects reloaded before import = 0Number of asset objects unloaded after import = 22

========================================================================
Received Import Request.
  Time since last request: 0.000020 seconds.
  path: Assets/_project/Scripts/Drawing/IDrawingService.cs
  artifactKey: Guid(f79dfa835d1564e42995a4bfd30d4342) Importer(2089858483,b0f066a214c2f5e87bad3c948f4d605d)
Start importing Assets/_project/Scripts/Drawing/IDrawingService.cs using Guid(f79dfa835d1564e42995a4bfd30d4342) Importer(2089858483,b0f066a214c2f5e87bad3c948f4d605d) (ScriptedImporter) -> (artifact id: '8a7acac92017eb5d9edb6ff38d2faab5') in 0.0097283 seconds
Number of updated asset objects reloaded before import = 0Number of asset objects unloaded after import = 0

========================================================================
Received Import Request.
  Time since last request: 0.000025 seconds.
  path: Assets/_project/Scripts/UI/MainUIController.cs
  artifactKey: Guid(3e92dc2c31d1e7e4ba64ff0447d2329b) Importer(2089858483,b0f066a214c2f5e87bad3c948f4d605d)
Start importing Assets/_project/Scripts/UI/MainUIController.cs using Guid(3e92dc2c31d1e7e4ba64ff0447d2329b) Importer(2089858483,b0f066a214c2f5e87bad3c948f4d605d) (ScriptedImporter) -> (artifact id: '32905f9ee4ee256e3de77e3edb85aac8') in 0.0095836 seconds
Number of updated asset objects reloaded before import = 0Number of asset objects unloaded after import = 0

========================================================================
Received Import Request.
  Time since last request: 0.000018 seconds.
  path: Assets/_project/Scripts/Effects/ChromaticAberrationEffect.cs
  artifactKey: Guid(6d2c7777bc6f7574ebc064f123452aa0) Importer(2089858483,b0f066a214c2f5e87bad3c948f4d605d)
Start importing Assets/_project/Scripts/Effects/ChromaticAberrationEffect.cs using Guid(6d2c7777bc6f7574ebc064f123452aa0) Importer(2089858483,b0f066a214c2f5e87bad3c948f4d605d) (ScriptedImporter) -> (artifact id: '4a6792f7c69b0942f424533e66ff3b4a') in 0.0098769 seconds
Number of updated asset objects reloaded before import = 0Number of asset objects unloaded after import = 0

========================================================================
Received Import Request.
  Time since last request: 0.000018 seconds.
  path: Assets/_project/Scenes/Boot/UnityMaterialBall.fbx
  artifactKey: Guid(922a7c42908ed1e4f9c406ed8fdb849e) Importer(2089858483,b0f066a214c2f5e87bad3c948f4d605d)
Start importing Assets/_project/Scenes/Boot/UnityMaterialBall.fbx using Guid(922a7c42908ed1e4f9c406ed8fdb849e) Importer(2089858483,b0f066a214c2f5e87bad3c948f4d605d) (ScriptedImporter) -> (artifact id: 'ddfd02c44b1a7a17879971623538e89f') in 0.035544 seconds
Number of updated asset objects reloaded before import = 0Number of asset objects unloaded after import = 63

========================================================================
Received Import Request.
  Time since last request: 0.000014 seconds.
  path: Assets/_project/Scenes/Boot/SamplesSpotlightModel.fbx
  artifactKey: Guid(b23241bee8a719c43a9c2e89db7134c8) Importer(2089858483,b0f066a214c2f5e87bad3c948f4d605d)
Start importing Assets/_project/Scenes/Boot/SamplesSpotlightModel.fbx using Guid(b23241bee8a719c43a9c2e89db7134c8) Importer(2089858483,b0f066a214c2f5e87bad3c948f4d605d) (ScriptedImporter) -> (artifact id: 'fe8e5e77576f0063ed77d530de704390') in 0.0285887 seconds
Number of updated asset objects reloaded before import = 0Number of asset objects unloaded after import = 42

========================================================================
Received Import Request.
  Time since last request: 0.000018 seconds.
  path: Assets/_project/Scripts/Core/IAdaptiveQuality.cs
  artifactKey: Guid(9a3c1228d3ab9db43bddf27e7490f99b) Importer(2089858483,b0f066a214c2f5e87bad3c948f4d605d)
Start importing Assets/_project/Scripts/Core/IAdaptiveQuality.cs using Guid(9a3c1228d3ab9db43bddf27e7490f99b) Importer(2089858483,b0f066a214c2f5e87bad3c948f4d605d) (ScriptedImporter) -> (artifact id: '901badc1bc887b4239a28c43170be1ed') in 0.0100834 seconds
Number of updated asset objects reloaded before import = 0Number of asset objects unloaded after import = 0

========================================================================
Received Import Request.
  Time since last request: 0.000024 seconds.
  path: Assets/TutorialInfo/Scripts/Editor/ReadmeEditor.cs
  artifactKey: Guid(476cc7d7cd9874016adc216baab94a0a) Importer(2089858483,b0f066a214c2f5e87bad3c948f4d605d)
Start importing Assets/TutorialInfo/Scripts/Editor/ReadmeEditor.cs using Guid(476cc7d7cd9874016adc216baab94a0a) Importer(2089858483,b0f066a214c2f5e87bad3c948f4d605d) (ScriptedImporter) -> (artifact id: 'c6549a8831a82bf30ace86d982371aa8') in 0.0098035 seconds
Number of updated asset objects reloaded before import = 0Number of asset objects unloaded after import = 0

========================================================================
Received Import Request.
  Time since last request: 0.000015 seconds.
  path: Assets/_project/Scripts/Input/IInputService.cs
  artifactKey: Guid(1fa18838a3058b542958ad1e26f739de) Importer(2089858483,b0f066a214c2f5e87bad3c948f4d605d)
Start importing Assets/_project/Scripts/Input/IInputService.cs using Guid(1fa18838a3058b542958ad1e26f739de) Importer(2089858483,b0f066a214c2f5e87bad3c948f4d605d) (ScriptedImporter) -> (artifact id: 'bede2e58176352941199fd81bb9984b2') in 0.0098171 seconds
Number of updated asset objects reloaded before import = 0Number of asset objects unloaded after import = 0

========================================================================
Received Import Request.
  Time since last request: 0.000015 seconds.
  path: Assets/_project/Scripts/Media/VectorSource.cs
  artifactKey: Guid(88018dd1a6874f9449b1672638e95113) Importer(2089858483,b0f066a214c2f5e87bad3c948f4d605d)
Start importing Assets/_project/Scripts/Media/VectorSource.cs using Guid(88018dd1a6874f9449b1672638e95113) Importer(2089858483,b0f066a214c2f5e87bad3c948f4d605d) (ScriptedImporter) -> (artifact id: '932676be0ec749b8fad2cc59f863f1c1') in 0.0094406 seconds
Number of updated asset objects reloaded before import = 0Number of asset objects unloaded after import = 0

========================================================================
Received Import Request.
  Time since last request: 0.000015 seconds.
  path: Assets/_project/Scenes/Boot/Black.mat
  artifactKey: Guid(50bf222fcb3c65a4cba7d8f6aa75ab5a) Importer(2089858483,b0f066a214c2f5e87bad3c948f4d605d)
Start importing Assets/_project/Scenes/Boot/Black.mat using Guid(50bf222fcb3c65a4cba7d8f6aa75ab5a) Importer(2089858483,b0f066a214c2f5e87bad3c948f4d605d) (ScriptedImporter) -> (artifact id: '923e1baff797c4850baeb8c9af88c281') in 0.0105138 seconds
Number of updated asset objects reloaded before import = 0Number of asset objects unloaded after import = 1

========================================================================
Received Import Request.
  Time since last request: 0.000013 seconds.
  path: Assets/_project/UI/UXML/MainLayout.uxml
  artifactKey: Guid(c9cd87dcc150aff4786217ecf3c399ba) Importer(2089858483,b0f066a214c2f5e87bad3c948f4d605d)
Start importing Assets/_project/UI/UXML/MainLayout.uxml using Guid(c9cd87dcc150aff4786217ecf3c399ba) Importer(2089858483,b0f066a214c2f5e87bad3c948f4d605d) (ScriptedImporter) -> (artifact id: 'f1c41f35d0039d2305ebea648238abf6') in 0.0532257 seconds
Number of updated asset objects reloaded before import = 0Number of asset objects unloaded after import = 2

========================================================================
Received Prepare
Refreshing native plugins compatible for Editor in 0.85 ms, found 3 plugins.
Preloading 0 native plugins for Editor in 0.00 ms.
Unloading 16 Unused Serialized files (Serialized files now loaded: 0)
Unloading 6250 unused Assets / (4.1 MB). Loaded Objects now: 7076.
Memory consumption went from 146.8 MB to 142.7 MB.
Total: 10.367100 ms (FindLiveObjects: 0.682600 ms CreateObjectMapping: 0.319300 ms MarkObjects: 7.468100 ms  DeleteObjects: 1.895900 ms)

Prepare: number of updated asset objects reloaded= 0
========================================================================
Received Import Request.
  Time since last request: 279.865007 seconds.
  path: Assets/_project/Scripts/Core/RenderTexturePool.cs
  artifactKey: Guid(a29afa6ecd3a1a446a0cbf9a0d1c217c) Importer(2089858483,b0f066a214c2f5e87bad3c948f4d605d)
Start importing Assets/_project/Scripts/Core/RenderTexturePool.cs using Guid(a29afa6ecd3a1a446a0cbf9a0d1c217c) Importer(2089858483,b0f066a214c2f5e87bad3c948f4d605d) (ScriptedImporter) -> (artifact id: '54b06508a215d918a697bad47302c5b8') in 0.0167188 seconds
Number of updated asset objects reloaded before import = 0Number of asset objects unloaded after import = 0

========================================================================
Received Prepare
Refreshing native plugins compatible for Editor in 1.51 ms, found 3 plugins.
Preloading 0 native plugins for Editor in 0.00 ms.
Unloading 16 Unused Serialized files (Serialized files now loaded: 0)
Unloading 17 unused Assets / (1.7 MB). Loaded Objects now: 7076.
Memory consumption went from 140.6 MB to 138.9 MB.
Total: 18.550800 ms (FindLiveObjects: 0.496300 ms CreateObjectMapping: 0.419500 ms MarkObjects: 17.208300 ms  DeleteObjects: 0.425700 ms)

Prepare: number of updated asset objects reloaded= 180
AssetImportParameters requested are different than current active one (requested -> active):
  buildTarget: platform 13, subtarget 0, extendedPlatform 0 -> platform 19, subtarget 2, extendedPlatform 0
  graphicsApiMask: 2099200 -> 262148
========================================================================
Received Prepare
Refreshing native plugins compatible for Editor in 1.96 ms, found 3 plugins.
Preloading 0 native plugins for Editor in 0.00 ms.
Unloading 16 Unused Serialized files (Serialized files now loaded: 0)
Unloading 16 unused Assets / (1.7 MB). Loaded Objects now: 7076.
Memory consumption went from 140.3 MB to 138.7 MB.
Total: 194.757300 ms (FindLiveObjects: 1.102100 ms CreateObjectMapping: 0.678900 ms MarkObjects: 191.885500 ms  DeleteObjects: 1.087300 ms)

Prepare: number of updated asset objects reloaded= 0
AssetImportParameters requested are different than current active one (requested -> active):
  buildTarget: platform 13, subtarget 0, extendedPlatform 0 -> platform 19, subtarget 2, extendedPlatform 0
  graphicsApiMask: 2099200 -> 262148
========================================================================
Received Import Request.
  Time since last request: 5717.279972 seconds.
  path: Assets/Settings/Build Profiles/Android™.asset
  artifactKey: Guid(112870ad328f4844288b9be63b881a0f) Importer(2089858483,b0f066a214c2f5e87bad3c948f4d605d)
Start importing Assets/Settings/Build Profiles/Android™.asset using Guid(112870ad328f4844288b9be63b881a0f) Importer(2089858483,b0f066a214c2f5e87bad3c948f4d605d) (ScriptedImporter)[Licensing::Client] Successfully resolved entitlement details
 -> (artifact id: '4bb40cfc821ad61f2f662237451dbd58') in 0.0717947 seconds
Number of updated asset objects reloaded before import = 0Number of asset objects unloaded after import = 1

========================================================================
Received Prepare
Refreshing native plugins compatible for Editor in 1.12 ms, found 3 plugins.
Preloading 0 native plugins for Editor in 0.00 ms.
Unloading 16 Unused Serialized files (Serialized files now loaded: 0)
Unloading 7241 unused Assets / (4.1 MB). Loaded Objects now: 8075.
Memory consumption went from 147.0 MB to 142.9 MB.
Total: 9.797500 ms (FindLiveObjects: 0.781500 ms CreateObjectMapping: 0.392100 ms MarkObjects: 6.636100 ms  DeleteObjects: 1.986800 ms)

Prepare: number of updated asset objects reloaded= 0
