[Licensing::Module] Trying to connect to existing licensing client channel...
Built from '6000.3/staging' branch; Version is '6000.3.10f1 (e35f0c77bd8e) revision 14901004'; Using compiler version '194234433'; Build Type 'Release'
OS: 'Windows 11  (10.0.26200) Professional' Language: 'en' Physical Memory: 32677 MB
[Licensing::IpcConnector] Successfully connected to: "LicenseClient-Daniel" at "2026-03-08T04:10:53.8590252Z"
BatchMode: 1, IsHumanControllingUs: 0, StartBugReporterOnCrash: 0, Is64bit: 1
System  architecture: x64
Process architecture: x64
Date: 2026-03-08T04:10:53Z

COMMAND LINE ARGUMENTS:
C:\Program Files\Unity\Hub\Editor\6000.3.10f1\Editor\Unity.exe
-adb2
-batchMode
-noUpm
-name
AssetImportWorker1
-projectPath
C:/My Applications/Maptifier/My project
-logFile
Logs/AssetImportWorker1.log
-srvPort
59769
-licensingIpc
LicenseClient-Daniel
-job-worker-count
7
-background-job-worker-count
8
-gc-helper-count
1
-name
AssetImport
Successfully changed project path to: C:/My Applications/Maptifier/My project
C:/My Applications/Maptifier/My project
[UnityMemory] Configuration Parameters - Can be set up in boot.config
    "memorysetup-temp-allocator-size-nav-mesh-worker=65536"
    "memorysetup-temp-allocator-size-audio-worker=65536"
    "memorysetup-temp-allocator-size-gfx=262144"
    "memorysetup-allocator-temp-initial-block-size-main=262144"
    "memorysetup-allocator-temp-initial-block-size-worker=262144"
    "memorysetup-temp-allocator-size-background-worker=32768"
    "memorysetup-temp-allocator-size-job-worker=262144"
    "memorysetup-temp-allocator-size-preload-manager=33554432"
    "memorysetup-temp-allocator-size-gi-baking-worker=262144"
    "memorysetup-temp-allocator-size-gi-baking-worker=262144"
    "memorysetup-temp-allocator-size-gi-baking-worker=262144"
    "memorysetup-temp-allocator-size-gi-baking-worker=262144"
    "memorysetup-temp-allocator-size-gi-baking-worker=262144"
    "memorysetup-bucket-allocator-granularity=16"
    "memorysetup-bucket-allocator-bucket-count=8"
    "memorysetup-bucket-allocator-block-size=33554432"
    "memorysetup-bucket-allocator-block-count=8"
    "memorysetup-main-allocator-block-size=16777216"
    "memorysetup-thread-allocator-block-size=16777216"
    "memorysetup-gfx-main-allocator-block-size=16777216"
    "memorysetup-gfx-thread-allocator-block-size=16777216"
    "memorysetup-cache-allocator-block-size=4194304"
    "memorysetup-typetree-allocator-block-size=2097152"
    "memorysetup-profiler-bucket-allocator-granularity=16"
    "memorysetup-profiler-bucket-allocator-bucket-count=8"
    "memorysetup-profiler-bucket-allocator-block-size=33554432"
    "memorysetup-profiler-bucket-allocator-block-count=8"
    "memorysetup-profiler-allocator-block-size=16777216"
    "memorysetup-profiler-editor-allocator-block-size=1048576"
    "memorysetup-temp-allocator-size-main=16777216"
    "memorysetup-job-temp-allocator-block-size=2097152"
    "memorysetup-job-temp-allocator-block-size-background=1048576"
    "memorysetup-job-temp-allocator-reduction-small-platforms=262144"
    "memorysetup-temp-allocator-size-cloud-worker=32768"
Player connection [34528]  Target information:

Player connection [34528]  * "[IP] 192.168.0.60 [Port] 0 [Flags] 2 [Guid] 2799857979 [EditorId] 2799857979 [Version] 1048832 [Id] WindowsEditor(7,DESKTOP-5OTLPSV) [Debug] 1 [PackageName] WindowsEditor [ProjectName] Editor" 

Player connection [34528] Host joined multi-casting on [225.0.0.222:54997]...
Player connection [34528] Host joined alternative multi-casting on [225.0.0.222:34997]...
JobSystem: Creating JobQueue using job-worker-count value 7
Input System module state changed to: Initialized.
[Physics::Module] Initialized fallback backend.
[Physics::Module] Id: 0xdecafbad
Library Redirect Path: Library/
[Physics::Module] Selected backend.
[Physics::Module] Name: PhysX
[Physics::Module] Id: 0xf2b8ea05
[Physics::Module] SDK Version: 4.1.2
[Physics::Module] Integration Version: 1.0.0
[Physics::Module] Threading Mode: Multi-Threaded
Refreshing native plugins compatible for Editor in 3.17 ms, found 3 plugins.
Preloading 0 native plugins for Editor in 0.00 ms.
Initialize engine version: 6000.3.10f1 (e35f0c77bd8e)
[Subsystems] Discovering subsystems at path C:/Program Files/Unity/Hub/Editor/6000.3.10f1/Editor/Data/Resources/UnitySubsystems
[Subsystems] Discovering subsystems at path C:/My Applications/Maptifier/My project/Assets
GfxDevice: creating device client; kGfxThreadingModeNonThreaded
Direct3D:
    Version:  Direct3D 11.0 [level 11.1]
    Renderer: NVIDIA GeForce RTX 3080 (ID=0x2216)
    Vendor:   NVIDIA
    VRAM:     10053 MB
    Driver:   32.0.15.9174
Initialize mono
Mono path[0] = 'C:/Program Files/Unity/Hub/Editor/6000.3.10f1/Editor/Data/Managed'
Mono path[1] = 'C:/Program Files/Unity/Hub/Editor/6000.3.10f1/Editor/Data/MonoBleedingEdge/lib/mono/unityjit-win32'
Mono config path = 'C:/Program Files/Unity/Hub/Editor/6000.3.10f1/Editor/Data/MonoBleedingEdge/etc'
Using monoOptions --debugger-agent=transport=dt_socket,embedding=1,server=y,suspend=n,address=127.0.0.1:56896
Begin MonoManager ReloadAssembly
Registering precompiled unity dll's ...
Register platform support module: C:/Program Files/Unity/Hub/Editor/6000.3.10f1/Editor/Data/PlaybackEngines/WebGLSupport/UnityEditor.WebGL.Extensions.dll
Register platform support module: C:/Program Files/Unity/Hub/Editor/6000.3.10f1/Editor/Data/PlaybackEngines/WindowsStandaloneSupport/UnityEditor.WindowsStandalone.Extensions.dll
[Licensing::Module] Licensing is not yet initialized.
[Licensing::Client] Handshaking with LicensingClient:
  Version:                 1.17.4+4293ba1
  Session Id:              ee125c28d2744b3c9a7f6e49dcd6b173
  Correlation Id:          2ec54ec142c558335cfc69a194113759
  External correlation Id: 731047280630855506
  Machine Id:              k3atKKquQn6wD9sKMMgoLl8CgUU=
[Licensing::Module] Successfully connected to LicensingClient on channel: "LicenseClient-Daniel" (connect: 0.00s, validation: 0.00s, handshake: 2.19s)
[Licensing::IpcConnector] Successfully connected to: "LicenseClient-Daniel-notifications" at "2026-03-08T04:10:56.0481443Z"
[Licensing::Module] Licensing Background thread has ended after 2.19s
[Licensing::Module] Licensing is initialized (took 1.20s).
[Licensing::Client] Successfully resolved entitlement details
[Licensing::Module] License group:
  Id: 1375899427071-UnityPersXXXX
  Product: Unity Personal
  Type: Assigned
  Expiration: Unlimited
Register platform support module: C:/Program Files/Unity/Hub/Editor/6000.3.10f1/Editor/Data/PlaybackEngines/AndroidPlayer/UnityEditor.Android.Extensions.dll
Registered in 1.207839 seconds.
- Loaded All Assemblies, in  1.693 seconds
Native extension for Android target not found
Native extension for WindowsStandalone target not found
Native extension for WebGL target not found
ScheduleIndexationOnStartup MainProcess:False IndexOnStartup:True
Mono: successfully reloaded assembly
- Finished resetting the current domain, in  0.505 seconds
Domain Reload Profiling: 2196ms
	BeginReloadAssembly (172ms)
		ExecutionOrderSort (0ms)
		DisableScriptedObjects (0ms)
		BackupInstance (0ms)
		ReleaseScriptingObjects (0ms)
		CreateAndSetChildDomain (1ms)
	RebuildCommonClasses (47ms)
	RebuildNativeTypeToScriptingClass (13ms)
	initialDomainReloadingComplete (1260ms)
	LoadAllAssembliesAndSetupDomain (198ms)
		LoadAssemblies (169ms)
		RebuildTransferFunctionScriptingTraits (0ms)
		AnalyzeDomain (193ms)
			TypeCache.Refresh (190ms)
				TypeCache.ScanAssembly (175ms)
			BuildScriptInfoCaches (0ms)
			ResolveRequiredComponents (1ms)
	FinalizeReload (506ms)
		ReleaseScriptCaches (0ms)
		RebuildScriptCaches (0ms)
		SetupLoadedEditorAssemblies (452ms)
			LogAssemblyErrors (0ms)
			InitializePlatformSupportModulesInManaged (78ms)
			SetLoadedEditorAssemblies (4ms)
			BeforeProcessingInitializeOnLoad (101ms)
			ProcessInitializeOnLoadAttributes (191ms)
			ProcessInitializeOnLoadMethodAttributes (78ms)
			AfterProcessingInitializeOnLoad (0ms)
			EditorAssembliesLoaded (0ms)
		ExecutionOrderSort2 (0ms)
		AwakeInstancesAfterBackupRestoration (0ms)
========================================================================
Worker process is ready to serve import requests
Import Worker Mode flag is 0x00
Begin MonoManager ReloadAssembly
[Licensing::Client] Successfully resolved entitlement details
- Loaded All Assemblies, in  0.871 seconds
Refreshing native plugins compatible for Editor in 1.39 ms, found 3 plugins.
Native extension for Android target not found
Native extension for WindowsStandalone target not found
Native extension for WebGL target not found
Package Manager log level set to [2]
[Package Manager] Failed to launch server process. Reason: Unity was launched with the -noUpm command-line argument
[Package Manager] Unable to send message (not connected to server process).
[Package Manager] Cannot connect to Unity Package Manager local server
ScheduleIndexationOnStartup MainProcess:False IndexOnStartup:True
Mono: successfully reloaded assembly
- Finished resetting the current domain, in  0.834 seconds
Domain Reload Profiling: 1700ms
	BeginReloadAssembly (203ms)
		ExecutionOrderSort (0ms)
		DisableScriptedObjects (6ms)
		BackupInstance (0ms)
		ReleaseScriptingObjects (0ms)
		CreateAndSetChildDomain (46ms)
	RebuildCommonClasses (46ms)
	RebuildNativeTypeToScriptingClass (18ms)
	initialDomainReloadingComplete (40ms)
	LoadAllAssembliesAndSetupDomain (558ms)
		LoadAssemblies (397ms)
		RebuildTransferFunctionScriptingTraits (0ms)
		AnalyzeDomain (267ms)
			TypeCache.Refresh (190ms)
				TypeCache.ScanAssembly (172ms)
			BuildScriptInfoCaches (63ms)
			ResolveRequiredComponents (10ms)
	FinalizeReload (835ms)
		ReleaseScriptCaches (0ms)
		RebuildScriptCaches (0ms)
		SetupLoadedEditorAssemblies (616ms)
			LogAssemblyErrors (0ms)
			InitializePlatformSupportModulesInManaged (10ms)
			SetLoadedEditorAssemblies (5ms)
			BeforeProcessingInitializeOnLoad (162ms)
			ProcessInitializeOnLoadAttributes (362ms)
			ProcessInitializeOnLoadMethodAttributes (70ms)
			AfterProcessingInitializeOnLoad (7ms)
			EditorAssembliesLoaded (0ms)
		ExecutionOrderSort2 (0ms)
		AwakeInstancesAfterBackupRestoration (6ms)
Launched and connected shader compiler UnityShaderCompiler.exe after 0.02 seconds
Refreshing native plugins compatible for Editor in 1.43 ms, found 3 plugins.
Preloading 0 native plugins for Editor in 0.00 ms.
Unloading 16 Unused Serialized files (Serialized files now loaded: 0)
Unloading 6258 unused Assets / (4.5 MB). Loaded Objects now: 7074.
Memory consumption went from 145.1 MB to 140.6 MB.
Total: 13.780400 ms (FindLiveObjects: 1.178700 ms CreateObjectMapping: 0.835200 ms MarkObjects: 8.484400 ms  DeleteObjects: 3.280700 ms)

========================================================================
Received Import Request.
  Time since last request: 236462.538568 seconds.
  path: Assets/_project/Scenes/Boot/Ground.mat
  artifactKey: Guid(d10a41407eea0cb4b8bfea0189714045) Importer(2089858483,b0f066a214c2f5e87bad3c948f4d605d)
Start importing Assets/_project/Scenes/Boot/Ground.mat using Guid(d10a41407eea0cb4b8bfea0189714045) Importer(2089858483,b0f066a214c2f5e87bad3c948f4d605d) (ScriptedImporter) -> (artifact id: '8b9d7b976d54f93f4a781d568bfca068') in 0.1295766 seconds
Number of updated asset objects reloaded before import = 0Number of asset objects unloaded after import = 1

========================================================================
Received Import Request.
  Time since last request: 0.000023 seconds.
  path: Assets/_project/Scripts/Core/ShaderWarmup.cs
  artifactKey: Guid(bc722730aad761e44b1158fe83050a6a) Importer(2089858483,b0f066a214c2f5e87bad3c948f4d605d)
Start importing Assets/_project/Scripts/Core/ShaderWarmup.cs using Guid(bc722730aad761e44b1158fe83050a6a) Importer(2089858483,b0f066a214c2f5e87bad3c948f4d605d) (ScriptedImporter) -> (artifact id: 'd8dd789bdcfde0e4c6a1c6ce74ddb513') in 0.0155223 seconds
Number of updated asset objects reloaded before import = 0Number of asset objects unloaded after import = 0

========================================================================
Received Import Request.
  Time since last request: 0.000018 seconds.
  path: Assets/_project/Scripts/Projects/ExportService.cs
  artifactKey: Guid(f834bc5ddff1884419855f4d1539da8b) Importer(2089858483,b0f066a214c2f5e87bad3c948f4d605d)
Start importing Assets/_project/Scripts/Projects/ExportService.cs using Guid(f834bc5ddff1884419855f4d1539da8b) Importer(2089858483,b0f066a214c2f5e87bad3c948f4d605d) (ScriptedImporter) -> (artifact id: '1011134ec6b0300762032abc813a0e98') in 0.0113768 seconds
Number of updated asset objects reloaded before import = 0Number of asset objects unloaded after import = 0

========================================================================
Received Import Request.
  Time since last request: 0.000034 seconds.
  path: Assets/_project/Scripts/Effects/ColorCycleEffect.cs
  artifactKey: Guid(9a24b443140cde9458faf6cd79a89b39) Importer(2089858483,b0f066a214c2f5e87bad3c948f4d605d)
Start importing Assets/_project/Scripts/Effects/ColorCycleEffect.cs using Guid(9a24b443140cde9458faf6cd79a89b39) Importer(2089858483,b0f066a214c2f5e87bad3c948f4d605d) (ScriptedImporter) -> (artifact id: '420de28b3e9520f81474b568ee960505') in 0.0098089 seconds
Number of updated asset objects reloaded before import = 0Number of asset objects unloaded after import = 0

========================================================================
Received Import Request.
  Time since last request: 0.000019 seconds.
  path: Assets/_project/Scripts/Core/HapticFeedback.cs
  artifactKey: Guid(c41a96aa5061a7d418ea36360187c154) Importer(2089858483,b0f066a214c2f5e87bad3c948f4d605d)
Start importing Assets/_project/Scripts/Core/HapticFeedback.cs using Guid(c41a96aa5061a7d418ea36360187c154) Importer(2089858483,b0f066a214c2f5e87bad3c948f4d605d) (ScriptedImporter) -> (artifact id: '95b98303eb1dda292cd1ffce03ef8476') in 0.0103579 seconds
Number of updated asset objects reloaded before import = 0Number of asset objects unloaded after import = 0

========================================================================
Received Import Request.
  Time since last request: 0.000016 seconds.
  path: Assets/_project/Scripts/Effects/BaseEffect.cs
  artifactKey: Guid(99fdac1a3b1053c4eb1a34bb1f373954) Importer(2089858483,b0f066a214c2f5e87bad3c948f4d605d)
Start importing Assets/_project/Scripts/Effects/BaseEffect.cs using Guid(99fdac1a3b1053c4eb1a34bb1f373954) Importer(2089858483,b0f066a214c2f5e87bad3c948f4d605d) (ScriptedImporter) -> (artifact id: '70ed11b0eea230d80c837f38bbf5f4ef') in 0.0099885 seconds
Number of updated asset objects reloaded before import = 0Number of asset objects unloaded after import = 0

========================================================================
Received Import Request.
  Time since last request: 0.000016 seconds.
  path: Assets/_project/Scripts/UI/SettingsController.cs
  artifactKey: Guid(978bdf2ef90b28e4f9ebc20764584310) Importer(2089858483,b0f066a214c2f5e87bad3c948f4d605d)
Start importing Assets/_project/Scripts/UI/SettingsController.cs using Guid(978bdf2ef90b28e4f9ebc20764584310) Importer(2089858483,b0f066a214c2f5e87bad3c948f4d605d) (ScriptedImporter) -> (artifact id: 'b99727fbc42717fe91ec15f7745e72de') in 0.0098676 seconds
Number of updated asset objects reloaded before import = 0Number of asset objects unloaded after import = 0

========================================================================
Received Import Request.
  Time since last request: 0.000014 seconds.
  path: Assets/_project/Shaders/Effects/ColorCycle.shader
  artifactKey: Guid(f6fc32fde30810f4d92796598b7a8746) Importer(2089858483,b0f066a214c2f5e87bad3c948f4d605d)
Start importing Assets/_project/Shaders/Effects/ColorCycle.shader using Guid(f6fc32fde30810f4d92796598b7a8746) Importer(2089858483,b0f066a214c2f5e87bad3c948f4d605d) (ScriptedImporter) -> (artifact id: '522fc7596c166d208fcb71afe2bf6550') in 0.0158219 seconds
Number of updated asset objects reloaded before import = 0Number of asset objects unloaded after import = 1

========================================================================
Received Import Request.
  Time since last request: 0.000017 seconds.
  path: Assets/_project/Scripts/Media/TextSource.cs
  artifactKey: Guid(ce4b996d7bd150e4bb9cdd563da0903c) Importer(2089858483,b0f066a214c2f5e87bad3c948f4d605d)
Start importing Assets/_project/Scripts/Media/TextSource.cs using Guid(ce4b996d7bd150e4bb9cdd563da0903c) Importer(2089858483,b0f066a214c2f5e87bad3c948f4d605d) (ScriptedImporter) -> (artifact id: 'd1444f9e772f50650cae4df5f492cf83') in 0.0094386 seconds
Number of updated asset objects reloaded before import = 0Number of asset objects unloaded after import = 0

========================================================================
Received Import Request.
  Time since last request: 0.000027 seconds.
  path: Assets/_project/Scripts/Core/RenderTexturePool.cs
  artifactKey: Guid(a29afa6ecd3a1a446a0cbf9a0d1c217c) Importer(2089858483,b0f066a214c2f5e87bad3c948f4d605d)
Start importing Assets/_project/Scripts/Core/RenderTexturePool.cs using Guid(a29afa6ecd3a1a446a0cbf9a0d1c217c) Importer(2089858483,b0f066a214c2f5e87bad3c948f4d605d) (ScriptedImporter) -> (artifact id: '8ce4ab351c8efcd4ab3ae7d0819e573a') in 0.0123648 seconds
Number of updated asset objects reloaded before import = 0Number of asset objects unloaded after import = 0

========================================================================
Received Import Request.
  Time since last request: 0.000018 seconds.
  path: Assets/_project/Scenes/Boot/Lit.mat
  artifactKey: Guid(5894a39b0df339b40be8334dd1eadd4f) Importer(2089858483,b0f066a214c2f5e87bad3c948f4d605d)
Start importing Assets/_project/Scenes/Boot/Lit.mat using Guid(5894a39b0df339b40be8334dd1eadd4f) Importer(2089858483,b0f066a214c2f5e87bad3c948f4d605d) (ScriptedImporter) -> (artifact id: '937142dccf49532a1f4e98223c71044e') in 0.0129716 seconds
Number of updated asset objects reloaded before import = 0Number of asset objects unloaded after import = 1

========================================================================
Received Import Request.
  Time since last request: 0.000015 seconds.
  path: Assets/_project/Scripts/Effects/IEffectPipeline.cs
  artifactKey: Guid(a70b4b534b4dbaa4fb85939af1393610) Importer(2089858483,b0f066a214c2f5e87bad3c948f4d605d)
Start importing Assets/_project/Scripts/Effects/IEffectPipeline.cs using Guid(a70b4b534b4dbaa4fb85939af1393610) Importer(2089858483,b0f066a214c2f5e87bad3c948f4d605d) (ScriptedImporter) -> (artifact id: '08d2c1795966225acf4d1b0fc42c0108') in 0.0116147 seconds
Number of updated asset objects reloaded before import = 0Number of asset objects unloaded after import = 0

========================================================================
Received Import Request.
  Time since last request: 0.000016 seconds.
  path: Assets/_project/Scripts/Input/Maptifier.Input.asmdef
  artifactKey: Guid(22fea5431d77abd49aac52caa9497cea) Importer(2089858483,b0f066a214c2f5e87bad3c948f4d605d)
Start importing Assets/_project/Scripts/Input/Maptifier.Input.asmdef using Guid(22fea5431d77abd49aac52caa9497cea) Importer(2089858483,b0f066a214c2f5e87bad3c948f4d605d) (ScriptedImporter) -> (artifact id: 'df770a70305853d3d294498770271d4d') in 0.010326 seconds
Number of updated asset objects reloaded before import = 0Number of asset objects unloaded after import = 1

========================================================================
Received Import Request.
  Time since last request: 0.000013 seconds.
  path: Assets/_project/Scripts/Display/AndroidDisplayService.cs
  artifactKey: Guid(9649675316f54384db5a24f3bd02dd72) Importer(2089858483,b0f066a214c2f5e87bad3c948f4d605d)
Start importing Assets/_project/Scripts/Display/AndroidDisplayService.cs using Guid(9649675316f54384db5a24f3bd02dd72) Importer(2089858483,b0f066a214c2f5e87bad3c948f4d605d) (ScriptedImporter) -> (artifact id: '60c0a439c967e6c09f6e0f754df2da0d') in 0.0091136 seconds
Number of updated asset objects reloaded before import = 0Number of asset objects unloaded after import = 0

========================================================================
Received Import Request.
  Time since last request: 0.000016 seconds.
  path: Assets/_project/Scripts/Layers/Layer.cs
  artifactKey: Guid(50700320c1055334e8d3112aec7303b7) Importer(2089858483,b0f066a214c2f5e87bad3c948f4d605d)
Start importing Assets/_project/Scripts/Layers/Layer.cs using Guid(50700320c1055334e8d3112aec7303b7) Importer(2089858483,b0f066a214c2f5e87bad3c948f4d605d) (ScriptedImporter) -> (artifact id: '10cc7e32008fdb8e1061e6d40e2f2bd9') in 0.0082325 seconds
Number of updated asset objects reloaded before import = 0Number of asset objects unloaded after import = 0

========================================================================
Received Import Request.
  Time since last request: 0.000024 seconds.
  path: Assets/Settings/Mobile_RPAsset.asset
  artifactKey: Guid(5e6cbd92db86f4b18aec3ed561671858) Importer(2089858483,b0f066a214c2f5e87bad3c948f4d605d)
Start importing Assets/Settings/Mobile_RPAsset.asset using Guid(5e6cbd92db86f4b18aec3ed561671858) Importer(2089858483,b0f066a214c2f5e87bad3c948f4d605d) (ScriptedImporter) -> (artifact id: '043919d4c9c1d53a4f20f6ba8de1d660') in 0.0634593 seconds
Number of updated asset objects reloaded before import = 0Number of asset objects unloaded after import = 2

========================================================================
Received Import Request.
  Time since last request: 0.000014 seconds.
  path: Assets/_project/UI/UXML/Settings.uxml
  artifactKey: Guid(71885e9466da8c5459e513353305c4f5) Importer(2089858483,b0f066a214c2f5e87bad3c948f4d605d)
Start importing Assets/_project/UI/UXML/Settings.uxml using Guid(71885e9466da8c5459e513353305c4f5) Importer(2089858483,b0f066a214c2f5e87bad3c948f4d605d) (ScriptedImporter) -> (artifact id: '1e503277016da8f24190b0e95f6133fa') in 0.0635996 seconds
Number of updated asset objects reloaded before import = 0Number of asset objects unloaded after import = 2

========================================================================
Received Import Request.
  Time since last request: 0.000017 seconds.
  path: Assets/_project/Tests/Editor/EarClipTriangulatorTests.cs
  artifactKey: Guid(f505e0958cd79384db949e006e19d334) Importer(2089858483,b0f066a214c2f5e87bad3c948f4d605d)
Start importing Assets/_project/Tests/Editor/EarClipTriangulatorTests.cs using Guid(f505e0958cd79384db949e006e19d334) Importer(2089858483,b0f066a214c2f5e87bad3c948f4d605d) (ScriptedImporter) -> (artifact id: '9d499d23041cfa35926420e3a182d47b') in 0.0096518 seconds
Number of updated asset objects reloaded before import = 0Number of asset objects unloaded after import = 0

========================================================================
Received Import Request.
  Time since last request: 0.000024 seconds.
  path: Assets/_project/Scripts/Core/ServiceLocator.cs
  artifactKey: Guid(75501bc7f5071e944b2882d4d88e5113) Importer(2089858483,b0f066a214c2f5e87bad3c948f4d605d)
Start importing Assets/_project/Scripts/Core/ServiceLocator.cs using Guid(75501bc7f5071e944b2882d4d88e5113) Importer(2089858483,b0f066a214c2f5e87bad3c948f4d605d) (ScriptedImporter) -> (artifact id: '62f881a51fe2abf1cb97aa8783aa765f') in 0.007414 seconds
Number of updated asset objects reloaded before import = 0Number of asset objects unloaded after import = 0

========================================================================
Received Import Request.
  Time since last request: 0.000024 seconds.
  path: Assets/_project/Scenes/Boot.unity
  artifactKey: Guid(85b7b87bc5c2d3048a21d00fd41d1e03) Importer(2089858483,b0f066a214c2f5e87bad3c948f4d605d)
Start importing Assets/_project/Scenes/Boot.unity using Guid(85b7b87bc5c2d3048a21d00fd41d1e03) Importer(2089858483,b0f066a214c2f5e87bad3c948f4d605d) (ScriptedImporter) -> (artifact id: '326e84616df8255cced79819326d24c8') in 0.0129543 seconds
Number of updated asset objects reloaded before import = 0Number of asset objects unloaded after import = 1

========================================================================
Received Import Request.
  Time since last request: 0.000016 seconds.
  path: Assets/_project/UI/USS/OnboardingStyles.uss
  artifactKey: Guid(6c411091fc548f54f9dc41d74ba465bd) Importer(2089858483,b0f066a214c2f5e87bad3c948f4d605d)
Start importing Assets/_project/UI/USS/OnboardingStyles.uss using Guid(6c411091fc548f54f9dc41d74ba465bd) Importer(2089858483,b0f066a214c2f5e87bad3c948f4d605d) (ScriptedImporter) -> (artifact id: '43c3ca12cb45398ebb7b14578556054d') in 0.0161597 seconds
Number of updated asset objects reloaded before import = 0Number of asset objects unloaded after import = 1

========================================================================
Received Import Request.
  Time since last request: 0.000014 seconds.
  path: Assets/_project/Shaders/Compositing/Composite.shader
  artifactKey: Guid(e815f1ff72e28274d9c52cde9372854e) Importer(2089858483,b0f066a214c2f5e87bad3c948f4d605d)
Start importing Assets/_project/Shaders/Compositing/Composite.shader using Guid(e815f1ff72e28274d9c52cde9372854e) Importer(2089858483,b0f066a214c2f5e87bad3c948f4d605d) (ScriptedImporter) -> (artifact id: '6ae2a888ec663242b0cedb1418c8a760') in 0.0100373 seconds
Number of updated asset objects reloaded before import = 0Number of asset objects unloaded after import = 1

========================================================================
Received Import Request.
  Time since last request: 0.000016 seconds.
  path: Assets/_project/Scripts/Projects/ProjectManager.cs
  artifactKey: Guid(1c9f630a4efb81a4c846d00dce1686d4) Importer(2089858483,b0f066a214c2f5e87bad3c948f4d605d)
Start importing Assets/_project/Scripts/Projects/ProjectManager.cs using Guid(1c9f630a4efb81a4c846d00dce1686d4) Importer(2089858483,b0f066a214c2f5e87bad3c948f4d605d) (ScriptedImporter) -> (artifact id: '88de6c72feaee020711ed290f1286020') in 0.0084821 seconds
Number of updated asset objects reloaded before import = 0Number of asset objects unloaded after import = 0

========================================================================
Received Import Request.
  Time since last request: 0.000013 seconds.
  path: Assets/_project/Scenes/Boot/SamplesFloorSpotlight.fbx
  artifactKey: Guid(be59764ef964e854b9c2117849e4f023) Importer(2089858483,b0f066a214c2f5e87bad3c948f4d605d)
Start importing Assets/_project/Scenes/Boot/SamplesFloorSpotlight.fbx using Guid(be59764ef964e854b9c2117849e4f023) Importer(2089858483,b0f066a214c2f5e87bad3c948f4d605d) (ScriptedImporter) -> (artifact id: '3dab28863e70e737032d9d696fca242d') in 0.0460594 seconds
Number of updated asset objects reloaded before import = 0Number of asset objects unloaded after import = 14

========================================================================
Received Import Request.
  Time since last request: 0.000020 seconds.
  path: Assets/_project/Scripts/Media/SVGParser.cs
  artifactKey: Guid(5e1319918df30d247afb93ade9ef2527) Importer(2089858483,b0f066a214c2f5e87bad3c948f4d605d)
Start importing Assets/_project/Scripts/Media/SVGParser.cs using Guid(5e1319918df30d247afb93ade9ef2527) Importer(2089858483,b0f066a214c2f5e87bad3c948f4d605d) (ScriptedImporter) -> (artifact id: 'ae3b31b1fe0c605a21207ddd40ac02f0') in 0.009752 seconds
Number of updated asset objects reloaded before import = 0Number of asset objects unloaded after import = 0

========================================================================
Received Import Request.
  Time since last request: 0.000025 seconds.
  path: Assets/_project/Scenes/Boot/BackgroundMesh.fbx
  artifactKey: Guid(4fef1da854afca24fb9d19057ab8c514) Importer(2089858483,b0f066a214c2f5e87bad3c948f4d605d)
Start importing Assets/_project/Scenes/Boot/BackgroundMesh.fbx using Guid(4fef1da854afca24fb9d19057ab8c514) Importer(2089858483,b0f066a214c2f5e87bad3c948f4d605d) (ScriptedImporter) -> (artifact id: '4e9d31cb11f7999a016695eb68349ecd') in 0.0138952 seconds
Number of updated asset objects reloaded before import = 0Number of asset objects unloaded after import = 7

========================================================================
Received Import Request.
  Time since last request: 0.000015 seconds.
  path: Assets/_project/Scripts/Core/GlobalExceptionHandler.cs
  artifactKey: Guid(b9524ae75f07eb1488fa2f1d21906acf) Importer(2089858483,b0f066a214c2f5e87bad3c948f4d605d)
Start importing Assets/_project/Scripts/Core/GlobalExceptionHandler.cs using Guid(b9524ae75f07eb1488fa2f1d21906acf) Importer(2089858483,b0f066a214c2f5e87bad3c948f4d605d) (ScriptedImporter) -> (artifact id: 'b71050c8c193a5474a0557b606a8f7ea') in 0.0098982 seconds
Number of updated asset objects reloaded before import = 0Number of asset objects unloaded after import = 0

========================================================================
Received Import Request.
  Time since last request: 0.000016 seconds.
  path: Assets/_project/Scenes/Boot/SamplesFixture.fbx
  artifactKey: Guid(1512d2dbcae40664b9fdb7fb68cb81aa) Importer(2089858483,b0f066a214c2f5e87bad3c948f4d605d)
Start importing Assets/_project/Scenes/Boot/SamplesFixture.fbx using Guid(1512d2dbcae40664b9fdb7fb68cb81aa) Importer(2089858483,b0f066a214c2f5e87bad3c948f4d605d) (ScriptedImporter) -> (artifact id: '8e85e6c8012d47c5e00f244645b3438b') in 0.0142255 seconds
Number of updated asset objects reloaded before import = 0Number of asset objects unloaded after import = 9

========================================================================
Received Import Request.
  Time since last request: 0.000015 seconds.
  path: Assets/_project/Scenes/Boot/LightingData.asset
  artifactKey: Guid(210698b592f8ecf4286196b8ee198dfe) Importer(2089858483,b0f066a214c2f5e87bad3c948f4d605d)
Start importing Assets/_project/Scenes/Boot/LightingData.asset using Guid(210698b592f8ecf4286196b8ee198dfe) Importer(2089858483,b0f066a214c2f5e87bad3c948f4d605d) (ScriptedImporter)Lighting data asset ‘LightingData’ is incompatible with the current Unity version because the scene it was baked for was not serialized. Please use Generate Lighting to rebuild the lighting data, or assign the target scene to the Lighting Data Asset in the inspector.
UnityEngine.Debug:ExtractStackTraceNoAlloc (byte*,int,string)
UnityEngine.StackTraceUtility:ExtractStackTrace ()
UnityEditor.AssetDatabase:LoadMainAssetAtPath (string)
UnityEditor.Search.AssetIndexer:IndexProperties (int&,string&,bool&)
UnityEditor.Search.AssetIndexer:IndexDocument (string,bool)
UnityEditor.Search.SearchIndexArtifactImporter:OnImportAsset (UnityEditor.AssetImporters.AssetImportContext)
UnityEditor.AssetImporters.ScriptedImporter:GenerateAssetData (UnityEditor.AssetImporters.AssetImportContext)

[C:\build\output\unity\unity\Editor\Src\GI\Enlighten\LightingDataAsset.cpp line 458]

 -> (artifact id: 'da961e19e83f19ce6a800c0c9acd4590') in 0.01399 seconds
Number of updated asset objects reloaded before import = 0Number of asset objects unloaded after import = 1

========================================================================
Received Import Request.
  Time since last request: 0.000015 seconds.
  path: Assets/_project/Scripts/Core/CompositeRenderer.cs
  artifactKey: Guid(51ce000734b00cf42acb62b5231ad36c) Importer(2089858483,b0f066a214c2f5e87bad3c948f4d605d)
Start importing Assets/_project/Scripts/Core/CompositeRenderer.cs using Guid(51ce000734b00cf42acb62b5231ad36c) Importer(2089858483,b0f066a214c2f5e87bad3c948f4d605d) (ScriptedImporter) -> (artifact id: '0b64323d9b4bccc1379193040e9042a7') in 0.0080813 seconds
Number of updated asset objects reloaded before import = 0Number of asset objects unloaded after import = 0

========================================================================
Received Import Request.
  Time since last request: 0.000017 seconds.
  path: Assets/Settings/UniversalRenderPipelineGlobalSettings.asset
  artifactKey: Guid(18dc0cd2c080841dea60987a38ce93fa) Importer(2089858483,b0f066a214c2f5e87bad3c948f4d605d)
Start importing Assets/Settings/UniversalRenderPipelineGlobalSettings.asset using Guid(18dc0cd2c080841dea60987a38ce93fa) Importer(2089858483,b0f066a214c2f5e87bad3c948f4d605d) (ScriptedImporter) -> (artifact id: '8f8b795cc7002dffcfd3cc6e8af623ea') in 0.0241539 seconds
Number of updated asset objects reloaded before import = 0Number of asset objects unloaded after import = 0

========================================================================
Received Import Request.
  Time since last request: 0.000024 seconds.
  path: Assets/_project/Scripts/Core/Maptifier.Core.asmdef
  artifactKey: Guid(ee2c82e9a07f0d24b8ab7a6ddf6b9ed8) Importer(2089858483,b0f066a214c2f5e87bad3c948f4d605d)
Start importing Assets/_project/Scripts/Core/Maptifier.Core.asmdef using Guid(ee2c82e9a07f0d24b8ab7a6ddf6b9ed8) Importer(2089858483,b0f066a214c2f5e87bad3c948f4d605d) (ScriptedImporter) -> (artifact id: '184d67360f8f8cb4cd79279cc5e3fbc0') in 0.0102546 seconds
Number of updated asset objects reloaded before import = 0Number of asset objects unloaded after import = 1

========================================================================
Received Import Request.
  Time since last request: 0.000013 seconds.
  path: Assets/_project/Scripts/Layers/ILayerManager.cs
  artifactKey: Guid(5e0da171d6a663d45a627f06feff2686) Importer(2089858483,b0f066a214c2f5e87bad3c948f4d605d)
Start importing Assets/_project/Scripts/Layers/ILayerManager.cs using Guid(5e0da171d6a663d45a627f06feff2686) Importer(2089858483,b0f066a214c2f5e87bad3c948f4d605d) (ScriptedImporter) -> (artifact id: '81c11f8f07c1680d45086859026742ca') in 0.0101329 seconds
Number of updated asset objects reloaded before import = 0Number of asset objects unloaded after import = 0

========================================================================
Received Import Request.
  Time since last request: 0.000014 seconds.
  path: Assets/_project/Scripts/Effects/BlurEffect.cs
  artifactKey: Guid(90d6307a2e1321b4f8c7fe21a27fe659) Importer(2089858483,b0f066a214c2f5e87bad3c948f4d605d)
Start importing Assets/_project/Scripts/Effects/BlurEffect.cs using Guid(90d6307a2e1321b4f8c7fe21a27fe659) Importer(2089858483,b0f066a214c2f5e87bad3c948f4d605d) (ScriptedImporter) -> (artifact id: 'b7e7d2530a235fcc3dc4c80ae4360c4d') in 0.0093757 seconds
Number of updated asset objects reloaded before import = 0Number of asset objects unloaded after import = 0

========================================================================
Received Import Request.
  Time since last request: 0.000014 seconds.
  path: Assets/_project/Scripts/Core/IPermissionService.cs
  artifactKey: Guid(436740c905ddd564ebe72a86f1aa0cf0) Importer(2089858483,b0f066a214c2f5e87bad3c948f4d605d)
Start importing Assets/_project/Scripts/Core/IPermissionService.cs using Guid(436740c905ddd564ebe72a86f1aa0cf0) Importer(2089858483,b0f066a214c2f5e87bad3c948f4d605d) (ScriptedImporter) -> (artifact id: '53a78a5d76444b1579a4e176f1e08221') in 0.0107221 seconds
Number of updated asset objects reloaded before import = 0Number of asset objects unloaded after import = 0

========================================================================
Received Prepare
Refreshing native plugins compatible for Editor in 0.97 ms, found 3 plugins.
Preloading 0 native plugins for Editor in 0.00 ms.
Unloading 16 Unused Serialized files (Serialized files now loaded: 0)
Unloading 6250 unused Assets / (4.5 MB). Loaded Objects now: 7076.
Memory consumption went from 144.8 MB to 140.3 MB.
Total: 10.417700 ms (FindLiveObjects: 0.691400 ms CreateObjectMapping: 0.778900 ms MarkObjects: 6.760000 ms  DeleteObjects: 2.186500 ms)

Prepare: number of updated asset objects reloaded= 0
========================================================================
Received Import Request.
  Time since last request: 279.907585 seconds.
  path: Assets/_project/Scripts/Core/GlobalExceptionHandler.cs
  artifactKey: Guid(b9524ae75f07eb1488fa2f1d21906acf) Importer(2089858483,b0f066a214c2f5e87bad3c948f4d605d)
Start importing Assets/_project/Scripts/Core/GlobalExceptionHandler.cs using Guid(b9524ae75f07eb1488fa2f1d21906acf) Importer(2089858483,b0f066a214c2f5e87bad3c948f4d605d) (ScriptedImporter) -> (artifact id: 'b2b847c52f16822eb5fe571026b8f393') in 0.0166141 seconds
Number of updated asset objects reloaded before import = 0Number of asset objects unloaded after import = 0

========================================================================
Received Import Request.
  Time since last request: 2295.834901 seconds.
  path: Assets/_project/Scenes/SampleScene.unity
  artifactKey: Guid(99c9720ab356a0642a771bea13969a05) Importer(815301076,1909f56bfc062723c751e8b465ee728b)
Start importing Assets/_project/Scenes/SampleScene.unity using Guid(99c9720ab356a0642a771bea13969a05) Importer(815301076,1909f56bfc062723c751e8b465ee728b) (PreviewImporter) -> (artifact id: '092f7974db3fb175701bdf9959c1e23b') in 0.0008855 seconds
Number of updated asset objects reloaded before import = 0Number of asset objects unloaded after import = 0

========================================================================
Received Import Request.
  Time since last request: 2853.909189 seconds.
  path: Assets/link.xml
  artifactKey: Guid(1fadb370b69a5d04bb51a9f19fb691e6) Importer(2089858483,b0f066a214c2f5e87bad3c948f4d605d)
Start importing Assets/link.xml using Guid(1fadb370b69a5d04bb51a9f19fb691e6) Importer(2089858483,b0f066a214c2f5e87bad3c948f4d605d) (ScriptedImporter) -> (artifact id: 'e98e60424896826bed42cc7cbb79e1d4') in 0.0126814 seconds
Number of updated asset objects reloaded before import = 0Number of asset objects unloaded after import = 1

========================================================================
Received Import Request.
  Time since last request: 388.690400 seconds.
  path: Assets/boot.unity
  artifactKey: Guid(acc904aee76a63b47a96f86c0066be14) Importer(2089858483,b0f066a214c2f5e87bad3c948f4d605d)
Start importing Assets/boot.unity using Guid(acc904aee76a63b47a96f86c0066be14) Importer(2089858483,b0f066a214c2f5e87bad3c948f4d605d) (ScriptedImporter) -> (artifact id: 'df4d48d407025255de1683d55b999cc5') in 0.0111599 seconds
Number of updated asset objects reloaded before import = 0Number of asset objects unloaded after import = 1

========================================================================
Received Prepare
Refreshing native plugins compatible for Editor in 1.47 ms, found 3 plugins.
Preloading 0 native plugins for Editor in 0.00 ms.
Unloading 16 Unused Serialized files (Serialized files now loaded: 0)
Unloading 17 unused Assets / (1.7 MB). Loaded Objects now: 7076.
Memory consumption went from 138.7 MB to 137.0 MB.
Total: 15.828700 ms (FindLiveObjects: 0.432900 ms CreateObjectMapping: 0.365400 ms MarkObjects: 14.656700 ms  DeleteObjects: 0.372600 ms)

Prepare: number of updated asset objects reloaded= 180
AssetImportParameters requested are different than current active one (requested -> active):
  buildTarget: platform 13, subtarget 0, extendedPlatform 0 -> platform 19, subtarget 2, extendedPlatform 0
  graphicsApiMask: 2099200 -> 262148
========================================================================
Received Prepare
Refreshing native plugins compatible for Editor in 2.78 ms, found 3 plugins.
Preloading 0 native plugins for Editor in 0.00 ms.
Unloading 16 Unused Serialized files (Serialized files now loaded: 0)
Unloading 16 unused Assets / (1.7 MB). Loaded Objects now: 7076.
Memory consumption went from 138.4 MB to 136.8 MB.
Total: 259.689300 ms (FindLiveObjects: 1.386200 ms CreateObjectMapping: 0.893400 ms MarkObjects: 256.329500 ms  DeleteObjects: 1.075300 ms)

Prepare: number of updated asset objects reloaded= 0
AssetImportParameters requested are different than current active one (requested -> active):
  buildTarget: platform 13, subtarget 0, extendedPlatform 0 -> platform 19, subtarget 2, extendedPlatform 0
  graphicsApiMask: 2099200 -> 262148
========================================================================
Received Import Request.
  Time since last request: 100.451891 seconds.
  path: Assets/_project/Scenes/Boot/ReflectionProbe-0.exr
  artifactKey: Guid(f023f1fcfa5b149499f6a4ae03f22db0) Importer(2089858483,b0f066a214c2f5e87bad3c948f4d605d)
Start importing Assets/_project/Scenes/Boot/ReflectionProbe-0.exr using Guid(f023f1fcfa5b149499f6a4ae03f22db0) Importer(2089858483,b0f066a214c2f5e87bad3c948f4d605d) (ScriptedImporter)[Licensing::Client] Successfully resolved entitlement details
 -> (artifact id: 'c01d9b8c60b8695ae8de7e2afca6e20e') in 0.0602821 seconds
Number of updated asset objects reloaded before import = 0Number of asset objects unloaded after import = 1

========================================================================
Received Import Request.
  Time since last request: 78.157061 seconds.
  path: Assets/Settings/Build Profiles
  artifactKey: Guid(2971637bbf7389b46903462b1efd1cfe) Importer(2089858483,b0f066a214c2f5e87bad3c948f4d605d)
Start importing Assets/Settings/Build Profiles using Guid(2971637bbf7389b46903462b1efd1cfe) Importer(2089858483,b0f066a214c2f5e87bad3c948f4d605d) (ScriptedImporter) -> (artifact id: '6e133b0f783490b9450fea516f467bb9') in 0.0103742 seconds
Number of updated asset objects reloaded before import = 0Number of asset objects unloaded after import = 1

========================================================================
Received Prepare
Refreshing native plugins compatible for Editor in 1.13 ms, found 3 plugins.
Preloading 0 native plugins for Editor in 0.00 ms.
Unloading 16 Unused Serialized files (Serialized files now loaded: 0)
Unloading 7241 unused Assets / (4.0 MB). Loaded Objects now: 8067.
Memory consumption went from 145.1 MB to 141.2 MB.
Total: 8.720900 ms (FindLiveObjects: 0.780200 ms CreateObjectMapping: 0.381500 ms MarkObjects: 5.688900 ms  DeleteObjects: 1.869200 ms)

Prepare: number of updated asset objects reloaded= 0
========================================================================
Received Import Request.
  Time since last request: 18.905150 seconds.
  path: Assets/Settings/Build Profiles/Android™.asset
  artifactKey: Guid(112870ad328f4844288b9be63b881a0f) Importer(2089858483,b0f066a214c2f5e87bad3c948f4d605d)
Start importing Assets/Settings/Build Profiles/Android™.asset using Guid(112870ad328f4844288b9be63b881a0f) Importer(2089858483,b0f066a214c2f5e87bad3c948f4d605d) (ScriptedImporter)[Licensing::Client] Successfully resolved entitlement details
 -> (artifact id: '4e0a3d2b7e013c62a7fb22fdc586c998') in 0.0526737 seconds
Number of updated asset objects reloaded before import = 0Number of asset objects unloaded after import = 1

========================================================================
Received Import Request.
  Time since last request: 414.555221 seconds.
  path: Assets/_project/Scripts/Bootstrap/AppBootstrapper.cs
  artifactKey: Guid(17865e0985cbd6b4597c6116751abac7) Importer(815301076,1909f56bfc062723c751e8b465ee728b)
Start importing Assets/_project/Scripts/Bootstrap/AppBootstrapper.cs using Guid(17865e0985cbd6b4597c6116751abac7) Importer(815301076,1909f56bfc062723c751e8b465ee728b) (PreviewImporter) -> (artifact id: 'e79bf4fad743b02f112a026f48ae2757') in 0.0007191 seconds
Number of updated asset objects reloaded before import = 0Number of asset objects unloaded after import = 0

========================================================================
Received Import Request.
  Time since last request: 86.738507 seconds.
  path: Packages/com.unity.test-framework/UnityEditor.TestRunner/TestRun/Tasks/CreateBootstrapSceneTask.cs
  artifactKey: Guid(4400cdda235b4ea48b9078953ffc8e89) Importer(815301076,1909f56bfc062723c751e8b465ee728b)
Start importing Packages/com.unity.test-framework/UnityEditor.TestRunner/TestRun/Tasks/CreateBootstrapSceneTask.cs using Guid(4400cdda235b4ea48b9078953ffc8e89) Importer(815301076,1909f56bfc062723c751e8b465ee728b) (PreviewImporter) -> (artifact id: 'a3dd255f6fb399f783284fb9f375b13c') in 0.0005935 seconds
Number of updated asset objects reloaded before import = 0Number of asset objects unloaded after import = 0

========================================================================
Received Import Request.
  Time since last request: 60.670122 seconds.
  path: Assets/Settings/Build Profiles/Android™.asset
  artifactKey: Guid(112870ad328f4844288b9be63b881a0f) Importer(2089858483,b0f066a214c2f5e87bad3c948f4d605d)
Start importing Assets/Settings/Build Profiles/Android™.asset using Guid(112870ad328f4844288b9be63b881a0f) Importer(2089858483,b0f066a214c2f5e87bad3c948f4d605d) (ScriptedImporter) -> (artifact id: '7d58b9735f15f6ea5b834052966dabd2') in 0.0126227 seconds
Number of updated asset objects reloaded before import = 0Number of asset objects unloaded after import = 1

